Component: ARM Compiler 5.05 update 1 (build 106) Tool: armlink [4d0efa]

==============================================================================

Section Cross References

    stm32f10x_adc.o(.text) refers to stm32f10x_rcc.o(.text) for RCC_APB2PeriphResetCmd
    stm32f10x_bkp.o(.text) refers to stm32f10x_rcc.o(.text) for RCC_BackupResetCmd
    stm32f10x_can.o(.text) refers to stm32f10x_rcc.o(.text) for RCC_APB1PeriphResetCmd
    stm32f10x_cec.o(.text) refers to stm32f10x_rcc.o(.text) for RCC_APB1PeriphResetCmd
    stm32f10x_dac.o(.text) refers to stm32f10x_rcc.o(.text) for RCC_APB1PeriphResetCmd
    stm32f10x_gpio.o(.text) refers to stm32f10x_rcc.o(.text) for RCC_APB2PeriphResetCmd
    stm32f10x_i2c.o(.text) refers to stm32f10x_rcc.o(.text) for RCC_APB1PeriphResetCmd
    stm32f10x_pwr.o(.text) refers to stm32f10x_rcc.o(.text) for RCC_APB1PeriphResetCmd
    stm32f10x_rcc.o(.text) refers to stm32f10x_rcc.o(.data) for APBAHBPrescTable
    stm32f10x_spi.o(.text) refers to stm32f10x_rcc.o(.text) for RCC_APB2PeriphResetCmd
    stm32f10x_tim.o(.text) refers to stm32f10x_rcc.o(.text) for RCC_APB2PeriphResetCmd
    stm32f10x_usart.o(.text) refers to stm32f10x_rcc.o(.text) for RCC_APB2PeriphResetCmd
    stm32f10x_wwdg.o(.text) refers to stm32f10x_rcc.o(.text) for RCC_APB1PeriphResetCmd
    delay.o(.text) refers to misc.o(.text) for SysTick_CLKSourceConfig
    delay.o(.text) refers to system_stm32f10x.o(.data) for SystemCoreClock
    delay.o(.text) refers to delay.o(.data) for fac_us
    sys.o(.text) refers to misc.o(.text) for NVIC_PriorityGroupConfig
    usmart.o(.text) refers to usmart_str.o(.text) for usmart_get_cmdname
    usmart.o(.text) refers to lcd3033.o(.text) for lcd_printf
    usmart.o(.text) refers to stm32f10x_rcc.o(.text) for RCC_APB1PeriphClockCmd
    usmart.o(.text) refers to stm32f10x_tim.o(.text) for TIM_TimeBaseInit
    usmart.o(.text) refers to usmart.o(.data) for sys_cmd_tab
    usmart.o(.text) refers to usmart_config.o(.data) for usmart_dev
    usmart.o(.text) refers to misc.o(.text) for NVIC_Init
    usmart.o(.text) refers to usart.o(.text) for Read_USART_buffer
    usmart.o(.text) refers to usart1.o(.text) for uart1_init
    usmart.o(.text) refers to system_stm32f10x.o(.data) for SystemCoreClock
    usmart.o(.text) refers to sup_fun.o(.text) for Valve_Drive
    usmart.o(.text) refers to delay.o(.text) for delay_ms
    usmart.o(.text) refers to reg_config.o(.text) for RevertStartupScreen
    usmart.o(.data) refers to usmart.o(.conststring) for .conststring
    usmart_config.o(.text) refers to usart.o(.text) for Uart_printf
    usmart_config.o(.text) refers to base_config.o(.bss) for Fixture
    usmart_config.o(.data) refers to usmart.o(.text) for read_addr
    usmart_config.o(.data) refers to usmart_config.o(.conststring) for .conststring
    usmart_config.o(.data) refers to usmart_config.o(.text) for Mode_Set
    usmart_config.o(.data) refers to sup_fun.o(.text) for Relay_Drive
    usmart_config.o(.data) refers to delay.o(.text) for delay_ms
    usmart_config.o(.data) refers to short.o(.text) for Short_Test_Function
    usmart_config.o(.data) refers to open.o(.text) for Open_Test_Function
    usmart_config.o(.data) refers to 24cxx.o(.text) for AT24CXX_WriteLenByte
    usmart_str.o(.text) refers to usmart_config.o(.data) for usmart_dev
    startup_stm32f10x_hd.o(STACK) refers (Special) to heapauxi.o(.text) for __use_two_region_memory
    startup_stm32f10x_hd.o(HEAP) refers (Special) to heapauxi.o(.text) for __use_two_region_memory
    startup_stm32f10x_hd.o(RESET) refers (Special) to heapauxi.o(.text) for __use_two_region_memory
    startup_stm32f10x_hd.o(RESET) refers to startup_stm32f10x_hd.o(STACK) for __initial_sp
    startup_stm32f10x_hd.o(RESET) refers to startup_stm32f10x_hd.o(.text) for Reset_Handler
    startup_stm32f10x_hd.o(RESET) refers to stm32f10x_it.o(.text) for NMI_Handler
    startup_stm32f10x_hd.o(RESET) refers to motor.o(.text) for EXTI0_IRQHandler
    startup_stm32f10x_hd.o(RESET) refers to usmart.o(.text) for TIM2_IRQHandler
    startup_stm32f10x_hd.o(RESET) refers to fre.o(.text) for TIM3_IRQHandler
    startup_stm32f10x_hd.o(RESET) refers to sample_notice.o(.text) for TIM4_IRQHandler
    startup_stm32f10x_hd.o(RESET) refers to usart1.o(.text) for USART1_IRQHandler
    startup_stm32f10x_hd.o(RESET) refers to usart2.o(.text) for USART2_IRQHandler
    startup_stm32f10x_hd.o(RESET) refers to usart3.o(.text) for USART3_IRQHandler
    startup_stm32f10x_hd.o(RESET) refers to uart4.o(.text) for UART4_IRQHandler
    startup_stm32f10x_hd.o(RESET) refers to uart5.o(.text) for UART5_IRQHandler
    startup_stm32f10x_hd.o(.text) refers (Special) to heapauxi.o(.text) for __use_two_region_memory
    startup_stm32f10x_hd.o(.text) refers to system_stm32f10x.o(.text) for SystemInit
    startup_stm32f10x_hd.o(.text) refers to __main.o(!!!main) for __main
    startup_stm32f10x_hd.o(.text) refers to startup_stm32f10x_hd.o(HEAP) for Heap_Mem
[...]
    Type_OS_Open_Test_Fun                    0x08013757   Thumb Code   314  open.o(.text)
    Short_Gooup_Edit_Check                   0x080138d1   Thumb Code   424  short.o(.text)
    Step_Test_RES                            0x08013b3d   Thumb Code   260  short.o(.text)
    Short_Test_Function                      0x08013c41   Thumb Code  1086  short.o(.text)
    OS_Short_Test                            0x0801407f   Thumb Code  1070  short.o(.text)
    Type_OS_Short_Test_Fun                   0x080144ad   Thumb Code   388  short.o(.text)
    ViewShortGroup                           0x08014631   Thumb Code   292  short.o(.text)
    Diode_Test                               0x080147bd   Thumb Code   892  diode.o(.text)
    Diode_TEST_Relay_SET                     0x08014b39   Thumb Code   190  diode.o(.text)
    Diode_TEST_Relay_RESET                   0x08014bf7   Thumb Code    32  diode.o(.text)
    Type_Diode_Test_Fun                      0x08014c17   Thumb Code   524  diode.o(.text)
    TVS_Diode_TEST_Relay_SET                 0x08014e23   Thumb Code   142  diode.o(.text)
    TVS_Diode_Test                           0x08014f27   Thumb Code  1016  diode.o(.text)
    Type_TVS_Test_Fun                        0x0801531f   Thumb Code   596  diode.o(.text)
    Set_CAP_Test_REF_RES                     0x08015589   Thumb Code   196  uf.o(.text)
    Read_CAP_Value                           0x0801564d   Thumb Code   640  uf.o(.text)
    Max_CAP_Tests                            0x080158cd   Thumb Code  1206  uf.o(.text)
    Type_Cap_Test_Fun                        0x08015d83   Thumb Code   432  uf.o(.text)
    Max_CAP_Self_Check                       0x08015f33   Thumb Code   398  uf.o(.text)
    Max_CAP_Calibration                      0x080160c1   Thumb Code   336  uf.o(.text)
    pF_CAP_Tests                             0x08016329   Thumb Code   868  pf.o(.text)
    Type_pF_Cap_Test_Fun                     0x0801668d   Thumb Code   404  pf.o(.text)
    pF_Capacitor_Calibration                 0x08016821   Thumb Code   494  pf.o(.text)
    pF_Capacitor_Calibration_Fun             0x08016a0f   Thumb Code    88  pf.o(.text)
    Mark_Short_Pin                           0x08016b71   Thumb Code    24  os_study.o(.text)
    Find_Mark_Short_Pin                      0x08016b89   Thumb Code    34  os_study.o(.text)
    View_Short_Group                         0x08016bab   Thumb Code   292  os_study.o(.text)
    Read_OS_Group                            0x08016ccf   Thumb Code   414  os_study.o(.text)
    Hall_TEST_Relay_SET                      0x08016f25   Thumb Code   124  hall.o(.text)
    Hall_TEST_Relay_RESET                    0x08016fa1   Thumb Code    32  hall.o(.text)
    Hall_Test                                0x080170ab   Thumb Code  1024  hall.o(.text)
    Type_Hall_Test_Fun                       0x080174ab   Thumb Code   538  hall.o(.text)
    Volts_TEST_Relay_SET                     0x0801771d   Thumb Code   116  ldo.o(.text)
    DVolts_TEST_Relay_RESET                  0x08017791   Thumb Code    42  ldo.o(.text)
    Type_Volts_Test_Fun                      0x08017bc7   Thumb Code   422  ldo.o(.text)
    Cur_TEST_Relay_SET                       0x08017e29   Thumb Code   108  leakage_i.o(.text)
    Cur_TEST_Relay_RESET                     0x08017e95   Thumb Code    32  leakage_i.o(.text)
    Type_Current_Test_Fun                    0x080181c9   Thumb Code   504  leakage_i.o(.text)
    LED_Forward_Test                         0x0801842f   Thumb Code   662  led.o(.text)
    Read_Clolor_Percentage                   0x080186c5   Thumb Code   152  led.o(.text)
    LED_light_Test                           0x0801875d   Thumb Code   760  led.o(.text)
    LED_Forward_Vol_Color_Test               0x08018a55   Thumb Code   434  led.o(.text)
    LED_Vsrc_TEST_SET                        0x08018c07   Thumb Code   122  led.o(.text)
    LED_Vsrc_TEST_RESET                      0x08018c81   Thumb Code    20  led.o(.text)
    Type_LED_Test_Fun                        0x08018c95   Thumb Code   350  led.o(.text)
    SW_Res_4wire_Test                        0x08018e2d   Thumb Code   298  switch.o(.text)
    Switch_ON_Test                           0x08018f57   Thumb Code  1082  switch.o(.text)
    Switch_OFF_Test                          0x08019391   Thumb Code   848  switch.o(.text)
    SW_Vsrc_RES_TEST_SET                     0x080196e1   Thumb Code   112  switch.o(.text)
    SW_Vsrc_RES_TEST_RESET                   0x08019751   Thumb Code    20  switch.o(.text)
    SW_Enable_RES_Test                       0x08019765   Thumb Code    72  switch.o(.text)
    Type_Switch_Test_Fun                     0x080197ad   Thumb Code  1072  switch.o(.text)
    Type_IC_ID_Test_Fun                      0x08019e1f   Thumb Code   416  id.o(.text)
    Read_IC_ID_Debug                         0x08019fbf   Thumb Code   360  id.o(.text)
    suBUS_reset_CPLD                         0x0801a19d   Thumb Code    28  subus.o(.text)
    SuBus8_proce                             0x0801a1b9   Thumb Code    76  subus.o(.text)
    SuBus12_proce                            0x0801a205   Thumb Code   126  subus.o(.text)
    suBus_Read_Data_Generate                 0x0801a283   Thumb Code    70  subus.o(.text)
    suBus_Write_Data_Generate                0x0801a2c9   Thumb Code   104  subus.o(.text)
    suBus_Read_Reg_Val                       0x0801a331   Thumb Code    54  subus.o(.text)
    suBus_Write_Reg_Val                      0x0801a367   Thumb Code    50  subus.o(.text)
    ReadRegValue                             0x0801a399   Thumb Code    28  subus.o(.text)
    WriteRegValue                            0x0801a3b5   Thumb Code    28  subus.o(.text)
    SbudCondition                            0x0801a3d1   Thumb Code    82  subus.o(.text)
    ChangeRFSwitch                           0x0801a423   Thumb Code    42  subus.o(.text)
    SetRFSwitchStatus                        0x0801a44d   Thumb Code   134  subus.o(.text)
    SbudsCondition                           0x0801a4e9   Thumb Code   242  rf.o(.text)
    ChangeRFICStatus                         0x0801a5db   Thumb Code   142  rf.o(.text)
    Get_RF_Total_Result                      0x0801a669   Thumb Code   378  rf.o(.text)
    RF_Step_debug                            0x0801a7e3   Thumb Code   596  rf.o(.text)
    RF_Auto_Test                             0x0801aa37   Thumb Code   426  rf.o(.text)
    Type_RF_Test_Fun                         0x0801abe1   Thumb Code    64  rf.o(.text)
    Debug_RF_IC                              0x0801ac21   Thumb Code    36  rf.o(.text)
    ID_Test                                  0x0801acd1   Thumb Code   782  rf_id.o(.text)
    Type_RF_ID_Test_Fun                      0x0801afdf   Thumb Code   432  rf_id.o(.text)
    Set_Test_Satation                        0x0801b19d   Thumb Code    82  wtb.o(.text)
    Get_Soft_Start_Status                    0x0801b1ef   Thumb Code     6  wtb.o(.text)
    GetStationNum_Handler                    0x0801b1f5   Thumb Code    34  wtb.o(.text)
    Connect_Handler                          0x0801b217   Thumb Code    60  wtb.o(.text)
    Get_TestItem_Handler                     0x0801b253   Thumb Code    18  wtb.o(.text)
    Get_TestDetailItem_Handler               0x0801b265   Thumb Code    18  wtb.o(.text)
    SoftwareClearHandler                     0x0801b277   Thumb Code    42  wtb.o(.text)
    SoftwareStartTestHandler                 0x0801b2a1   Thumb Code   144  wtb.o(.text)
    SoftwareMCUISPHandler                    0x0801b331   Thumb Code    40  wtb.o(.text)
    SoftwareReadHandler                      0x0801b359   Thumb Code    14  wtb.o(.text)
    SoftwareResetHandler                     0x0801b367   Thumb Code    12  wtb.o(.text)
    WTB_Software_Cmd_Check                   0x0801b373   Thumb Code   246  wtb.o(.text)
    WTB_Software_Get_Scan_Result             0x0801b469   Thumb Code   832  wtb.o(.text)
    WTB_Software_Get_Save_Result             0x0801b7a9   Thumb Code   108  wtb.o(.text)
    ZDT_Software_Sotp                        0x0801b88d   Thumb Code    18  zdt.o(.text)
    ZDT_Software_Cmd_Check                   0x0801b89f   Thumb Code   150  zdt.o(.text)
    ZDT_Software_Get_Scan_Result             0x0801b935   Thumb Code   332  zdt.o(.text)
    ZDT_Software_Get_Save_Result             0x0801ba81   Thumb Code    96  zdt.o(.text)
    Get_Short_Num                            0x0801bc19   Thumb Code    58  data.o(.text)
    Get_Open_Num                             0x0801bc53   Thumb Code    56  data.o(.text)
    Get_Component_Num                        0x0801bc8b   Thumb Code    38  data.o(.text)
    Init_Test_data                           0x0801bcb1   Thumb Code   272  data.o(.text)
    Find_Insulation_Reuslt                   0x0801bdc1   Thumb Code   158  data.o(.text)
    WTB_Software_Upload_Test_Item            0x0801be5f   Thumb Code   750  data.o(.text)
    WTB_Software_Upload_Data                 0x0801c14d   Thumb Code   574  data.o(.text)
    ZDT_Software_Upload_Test_Item            0x0801c38b   Thumb Code   896  data.o(.text)
    ZDT_Software_Upload_Data                 0x0801c70b   Thumb Code   484  data.o(.text)
    UploadShortGroup                         0x0801c8ef   Thumb Code   116  data.o(.text)
    Upload_Test_Data                         0x0801c963   Thumb Code  2348  data.o(.text)
    Test_Previous_Wait_Time_Set              0x0801d2ad   Thumb Code   124  cmd.o(.text)
    Cmd_Dealy_Set                            0x0801d329   Thumb Code   134  cmd.o(.text)
    Software_Cmd_Hander                      0x0801d3af   Thumb Code    42  cmd.o(.text)
    __use_no_semihosting                     0x0801d409   Thumb Code     2  use_no_semi_2.o(.text)
    __c89vsprintf                            0x0801d40d   Thumb Code    32  c89vsprintf.o(.text)
    __2printf                                0x0801d431   Thumb Code    20  __2printf.o(.text)
    __2sprintf                               0x0801d449   Thumb Code    38  __2sprintf.o(.text)
    _printf_str                              0x0801d475   Thumb Code    82  _printf_str.o(.text)
    _printf_int_dec                          0x0801d4c9   Thumb Code   104  _printf_dec.o(.text)
    __printf                                 0x0801d541   Thumb Code   388  __printf_flags_ss_wp.o(.text)
    atoi                                     0x0801d6c9   Thumb Code    26  atoi.o(.text)
    strchr                                   0x0801d6e3   Thumb Code    20  strchr.o(.text)
    strstr                                   0x0801d6f7   Thumb Code    36  strstr.o(.text)
    memcmp                                   0x0801d71b   Thumb Code    88  memcmp.o(.text)
    strcpy                                   0x0801d773   Thumb Code    72  strcpy.o(.text)
    strlen                                   0x0801d7bb   Thumb Code    62  strlen.o(.text)
    strcat                                   0x0801d7f9   Thumb Code    24  strcat.o(.text)
    __aeabi_memcpy4                          0x0801d811   Thumb Code     0  rt_memcpy_w.o(.text)
    __aeabi_memcpy8                          0x0801d811   Thumb Code     0  rt_memcpy_w.o(.text)
    __rt_memcpy_w                            0x0801d811   Thumb Code   100  rt_memcpy_w.o(.text)
    _memcpy_lastbytes_aligned                0x0801d859   Thumb Code     0  rt_memcpy_w.o(.text)
    __aeabi_memset                           0x0801d875   Thumb Code    16  aeabi_memset.o(.text)
    __aeabi_memclr                           0x0801d885   Thumb Code     0  rt_memclr.o(.text)
    __rt_memclr                              0x0801d885   Thumb Code    68  rt_memclr.o(.text)
    _memset                                  0x0801d889   Thumb Code     0  rt_memclr.o(.text)
    __aeabi_memclr4                          0x0801d8c9   Thumb Code     0  rt_memclr_w.o(.text)
    __aeabi_memclr8                          0x0801d8c9   Thumb Code     0  rt_memclr_w.o(.text)
    __rt_memclr_w                            0x0801d8c9   Thumb Code    78  rt_memclr_w.o(.text)
    _memset_w                                0x0801d8cd   Thumb Code     0  rt_memclr_w.o(.text)
    strncpy                                  0x0801d917   Thumb Code    86  strncpy.o(.text)
    strcmp                                   0x0801d96d   Thumb Code   128  strcmpv7m.o(.text)
    __use_two_region_memory                  0x0801d9ed   Thumb Code     2  heapauxi.o(.text)
    __rt_heap_escrow$2region                 0x0801d9ef   Thumb Code     2  heapauxi.o(.text)
    __rt_heap_expand$2region                 0x0801d9f1   Thumb Code     2  heapauxi.o(.text)
    __I$use$semihosting                      0x0801d9f3   Thumb Code     0  use_no_semi.o(.text)
    __use_no_semihosting_swi                 0x0801d9f3   Thumb Code     2  use_no_semi.o(.text)
    __aeabi_errno_addr                       0x0801d9f5   Thumb Code     8  rt_errno_addr_intlibspace.o(.text)
    __errno$intlibspace                      0x0801d9f5   Thumb Code     0  rt_errno_addr_intlibspace.o(.text)
    __rt_errno_addr$intlibspace              0x0801d9f5   Thumb Code     0  rt_errno_addr_intlibspace.o(.text)
    __read_errno                             0x0801d9fd   Thumb Code    10  _rserrno.o(.text)
    __set_errno                              0x0801da07   Thumb Code    12  _rserrno.o(.text)
    _printf_pre_padding                      0x0801da13   Thumb Code    44  _printf_pad.o(.text)
    _printf_post_padding                     0x0801da3f   Thumb Code    34  _printf_pad.o(.text)
    _printf_truncate_signed                  0x0801da61   Thumb Code    18  _printf_truncate.o(.text)
    _printf_truncate_unsigned                0x0801da73   Thumb Code    18  _printf_truncate.o(.text)
    _printf_int_common                       0x0801da85   Thumb Code   178  _printf_intcommon.o(.text)
    _printf_charcount                        0x0801db37   Thumb Code    40  _printf_charcount.o(.text)
    __lib_sel_fp_printf                      0x0801db5f   Thumb Code     2  _printf_fp_dec.o(.text)
    _printf_fp_dec_real                      0x0801dd0d   Thumb Code   620  _printf_fp_dec.o(.text)
    _printf_char_common                      0x0801df83   Thumb Code    32  _printf_char_common.o(.text)
    _sputc                                   0x0801dfa9   Thumb Code    10  _sputc.o(.text)
    _printf_cs_common                        0x0801dfb3   Thumb Code    20  _printf_char.o(.text)
    _printf_char                             0x0801dfc7   Thumb Code    16  _printf_char.o(.text)
    _printf_string                           0x0801dfd7   Thumb Code     8  _printf_char.o(.text)
    _printf_char_file                        0x0801dfe1   Thumb Code    32  _printf_char_file.o(.text)
    _printf_wctomb                           0x0801e005   Thumb Code   182  _printf_wctomb.o(.text)
    _printf_longlong_dec                     0x0801e0c1   Thumb Code   108  _printf_longlong_dec.o(.text)
    _printf_longlong_oct                     0x0801e13d   Thumb Code    68  _printf_oct_int_ll.o(.text)
    _printf_int_oct                          0x0801e181   Thumb Code    24  _printf_oct_int_ll.o(.text)
    _printf_ll_oct                           0x0801e199   Thumb Code    12  _printf_oct_int_ll.o(.text)
    _printf_longlong_hex                     0x0801e1ad   Thumb Code    86  _printf_hex_int_ll_ptr.o(.text)
    _printf_int_hex                          0x0801e203   Thumb Code    28  _printf_hex_int_ll_ptr.o(.text)
    _printf_ll_hex                           0x0801e21f   Thumb Code    12  _printf_hex_int_ll_ptr.o(.text)
    _printf_hex_ptr                          0x0801e22b   Thumb Code    18  _printf_hex_int_ll_ptr.o(.text)
    __strtod_int                             0x0801e27d   Thumb Code    88  strtod.o(.text)
    strtol                                   0x0801e2e1   Thumb Code   112  strtol.o(.text)
    __user_libspace                          0x0801e351   Thumb Code     8  libspace.o(.text)
    __user_perproc_libspace                  0x0801e351   Thumb Code     0  libspace.o(.text)
    __user_perthread_libspace                0x0801e351   Thumb Code     0  libspace.o(.text)
    __rt_ctype_table                         0x0801e359   Thumb Code    16  rt_ctype_table.o(.text)
    __rt_locale                              0x0801e369   Thumb Code     8  rt_locale_intlibspace.o(.text)
    _ll_udiv10                               0x0801e371   Thumb Code   138  lludiv10.o(.text)
    isspace                                  0x0801e3fb   Thumb Code    18  isspace.o(.text)
    _printf_fp_infnan                        0x0801e40d   Thumb Code   112  _printf_fp_infnan.o(.text)
    _printf_lcs_common                       0x0801e48d   Thumb Code    20  _printf_wchar.o(.text)
    _printf_wchar                            0x0801e4a1   Thumb Code    16  _printf_wchar.o(.text)
    _printf_wstring                          0x0801e4b1   Thumb Code     8  _printf_wchar.o(.text)
    _sgetc                                   0x0801e4b9   Thumb Code    30  _sgetc.o(.text)
    _sbackspace                              0x0801e4d7   Thumb Code    34  _sgetc.o(.text)
    _strtoul                                 0x0801e4f9   Thumb Code   158  _strtoul.o(.text)
    _btod_etento                             0x0801e599   Thumb Code   216  bigflt0.o(.text)
    ferror                                   0x0801e675   Thumb Code     8  ferror.o(.text)
    _wcrtomb                                 0x0801e67d   Thumb Code    64  _wcrtomb.o(.text)
    __user_setup_stackheap                   0x0801e6bd   Thumb Code    74  sys_stackheap_outer.o(.text)
    _chval                                   0x0801e707   Thumb Code    28  _chval.o(.text)
    _scanf_really_real                       0x0801e921   Thumb Code   668  scanf_fp.o(.text)
    exit                                     0x0801ebc9   Thumb Code    12  exit.o(.text)
    _scanf_really_hex_real                   0x0801ebd5   Thumb Code   778  scanf_hexfp.o(.text)
    _scanf_really_infnan                     0x0801eeed   Thumb Code   292  scanf_infnan.o(.text)
    __aeabi_llsl                             0x0801f021   Thumb Code     0  llshl.o(.text)
    _ll_shift_l                              0x0801f021   Thumb Code    38  llshl.o(.text)
    _btod_d2e                                0x0801f047   Thumb Code    62  btod.o(CL$$btod_d2e)
    _d2e_denorm_low                          0x0801f085   Thumb Code    70  btod.o(CL$$btod_d2e_denorm_low)
    _d2e_norm_op1                            0x0801f0cb   Thumb Code    96  btod.o(CL$$btod_d2e_norm_op1)
    __btod_div_common                        0x0801f12b   Thumb Code   696  btod.o(CL$$btod_div_common)
    _e2d                                     0x0801f465   Thumb Code    80  btod.o(CL$$btod_e2d)
    _e2e                                     0x0801f4b9   Thumb Code   198  btod.o(CL$$btod_e2e)
    _btod_ediv                               0x0801f57f   Thumb Code    40  btod.o(CL$$btod_ediv)
    _btod_edivd                              0x0801f5a7   Thumb Code    40  btod.o(CL$$btod_edivd)
    _btod_emul                               0x0801f5cf   Thumb Code    40  btod.o(CL$$btod_emul)
    _btod_emuld                              0x0801f5f7   Thumb Code    40  btod.o(CL$$btod_emuld)
    __btod_mult_common                       0x0801f61f   Thumb Code   580  btod.o(CL$$btod_mult_common)
    __ARM_fpclassify                         0x0801f863   Thumb Code    40  fpclassify.o(i.__ARM_fpclassify)
    __kernel_poly                            0x0801f88b   Thumb Code   170  poly.o(i.__kernel_poly)
    __mathlib_dbl_divzero                    0x0801f935   Thumb Code    12  dunder.o(i.__mathlib_dbl_divzero)
    __mathlib_dbl_infnan2                    0x0801f945   Thumb Code     4  dunder.o(i.__mathlib_dbl_infnan2)
    __mathlib_dbl_invalid                    0x0801f949   Thumb Code    12  dunder.o(i.__mathlib_dbl_invalid)
    __mathlib_dbl_overflow                   0x0801f955   Thumb Code    14  dunder.o(i.__mathlib_dbl_overflow)
    __mathlib_dbl_underflow                  0x0801f965   Thumb Code    10  dunder.o(i.__mathlib_dbl_underflow)
    __mathlib_narrow                         0x0801f975   Thumb Code    16  narrow.o(i.__mathlib_narrow)
    __mathlib_tofloat                        0x0801f985   Thumb Code   132  narrow.o(i.__mathlib_tofloat)
    __support_ldexp                          0x0801fa0d   Thumb Code    22  ldexp.o(i.__support_ldexp)
    _is_digit                                0x0801fa23   Thumb Code    14  __printf_wp.o(i._is_digit)
    atof                                     0x0801fa31   Thumb Code    42  atof.o(i.atof)
    frexp                                    0x0801fa5d   Thumb Code    80  frexp.o(i.frexp)
    ldexp                                    0x0801fab5   Thumb Code   116  ldexp.o(i.ldexp)
    pow                                      0x0801fb29   Thumb Code  2478  pow.o(i.pow)
    sqrt                                     0x080204e1   Thumb Code    76  sqrt.o(i.sqrt)
    _get_lc_numeric                          0x0802052d   Thumb Code    44  lc_numeric_c.o(locale$$code)
    _get_lc_ctype                            0x08020559   Thumb Code    44  lc_ctype_c.o(locale$$code)
    __aeabi_d2f                              0x08020585   Thumb Code     0  d2f.o(x$fpl$d2f)
    _d2f                                     0x08020585   Thumb Code    98  d2f.o(x$fpl$d2f)
    __aeabi_dadd                             0x080205e9   Thumb Code     0  daddsub_clz.o(x$fpl$dadd)
    _dadd                                    0x080205e9   Thumb Code   332  daddsub_clz.o(x$fpl$dadd)
    __fpl_dcheck_NaN1                        0x08020739   Thumb Code    10  dcheck1.o(x$fpl$dcheck1)
    __fpl_dcmp_Inf                           0x08020749   Thumb Code    24  dcmpi.o(x$fpl$dcmpinf)
    __aeabi_ddiv                             0x08020761   Thumb Code     0  ddiv.o(x$fpl$ddiv)
    _ddiv                                    0x08020761   Thumb Code   552  ddiv.o(x$fpl$ddiv)
    __aeabi_cdcmpeq                          0x08020a11   Thumb Code     0  deqf.o(x$fpl$deqf)
    _dcmpeq                                  0x08020a11   Thumb Code   120  deqf.o(x$fpl$deqf)
    __aeabi_d2iz                             0x08020a89   Thumb Code     0  dfix.o(x$fpl$dfix)
    _dfix                                    0x08020a89   Thumb Code    94  dfix.o(x$fpl$dfix)
    __aeabi_d2uiz                            0x08020ae9   Thumb Code     0  dfixu.o(x$fpl$dfixu)
    _dfixu                                   0x08020ae9   Thumb Code    90  dfixu.o(x$fpl$dfixu)
    __aeabi_i2d                              0x08020b43   Thumb Code     0  dflt_clz.o(x$fpl$dflt)
    _dflt                                    0x08020b43   Thumb Code    46  dflt_clz.o(x$fpl$dflt)
    __aeabi_ui2d                             0x08020b71   Thumb Code     0  dflt_clz.o(x$fpl$dfltu)
    _dfltu                                   0x08020b71   Thumb Code    38  dflt_clz.o(x$fpl$dfltu)
    __aeabi_cdcmple                          0x08020b99   Thumb Code     0  dleqf.o(x$fpl$dleqf)
    _dcmple                                  0x08020b99   Thumb Code   120  dleqf.o(x$fpl$dleqf)
    __fpl_dcmple_InfNaN                      0x08020bfb   Thumb Code     0  dleqf.o(x$fpl$dleqf)
    __aeabi_dmul                             0x08020c11   Thumb Code     0  dmul.o(x$fpl$dmul)
    _dmul                                    0x08020c11   Thumb Code   332  dmul.o(x$fpl$dmul)
    __fpl_dnaninf                            0x08020d65   Thumb Code   156  dnaninf.o(x$fpl$dnaninf)
    __fpl_dretinf                            0x08020e01   Thumb Code    12  dretinf.o(x$fpl$dretinf)
    __aeabi_cdrcmple                         0x08020e0d   Thumb Code     0  drleqf.o(x$fpl$drleqf)
    _drcmple                                 0x08020e0d   Thumb Code   108  drleqf.o(x$fpl$drleqf)
    __aeabi_drsub                            0x08020e79   Thumb Code     0  daddsub_clz.o(x$fpl$drsb)
    _drsb                                    0x08020e79   Thumb Code    22  daddsub_clz.o(x$fpl$drsb)
    _dsqrt                                   0x08020e91   Thumb Code   456  dsqrt_noumaal.o(x$fpl$dsqrt)
    __aeabi_dsub                             0x0802105d   Thumb Code     0  daddsub_clz.o(x$fpl$dsub)
    _dsub                                    0x0802105d   Thumb Code   464  daddsub_clz.o(x$fpl$dsub)
    __aeabi_f2d                              0x08021231   Thumb Code     0  f2d.o(x$fpl$f2d)
    _f2d                                     0x08021231   Thumb Code    86  f2d.o(x$fpl$f2d)
    __aeabi_fadd                             0x08021289   Thumb Code     0  faddsub_clz.o(x$fpl$fadd)
    _fadd                                    0x08021289   Thumb Code   196  faddsub_clz.o(x$fpl$fadd)
    __fpl_fcmp_Inf                           0x0802134d   Thumb Code    24  fcmpi.o(x$fpl$fcmpinf)
    __aeabi_fdiv                             0x08021365   Thumb Code     0  fdiv.o(x$fpl$fdiv)
    _fdiv                                    0x08021365   Thumb Code   384  fdiv.o(x$fpl$fdiv)
    __aeabi_f2uiz                            0x080214e9   Thumb Code     0  ffixu.o(x$fpl$ffixu)
    _ffixu                                   0x080214e9   Thumb Code    62  ffixu.o(x$fpl$ffixu)
    __aeabi_i2f                              0x08021529   Thumb Code     0  fflt_clz.o(x$fpl$fflt)
    _fflt                                    0x08021529   Thumb Code    48  fflt_clz.o(x$fpl$fflt)
    __aeabi_ui2f                             0x08021559   Thumb Code     0  fflt_clz.o(x$fpl$ffltu)
    _ffltu                                   0x08021559   Thumb Code    38  fflt_clz.o(x$fpl$ffltu)
    __aeabi_cfcmple                          0x08021581   Thumb Code     0  fleqf.o(x$fpl$fleqf)
    _fcmple                                  0x08021581   Thumb Code   104  fleqf.o(x$fpl$fleqf)
    __fpl_fcmple_InfNaN                      0x080215d3   Thumb Code     0  fleqf.o(x$fpl$fleqf)
    __aeabi_fmul                             0x080215e9   Thumb Code     0  fmul.o(x$fpl$fmul)
    _fmul                                    0x080215e9   Thumb Code   258  fmul.o(x$fpl$fmul)
    __fpl_fnaninf                            0x080216eb   Thumb Code   140  fnaninf.o(x$fpl$fnaninf)
    __fpl_fretinf                            0x08021777   Thumb Code    10  fretinf.o(x$fpl$fretinf)
    __aeabi_cfrcmple                         0x08021781   Thumb Code     0  frleqf.o(x$fpl$frleqf)
    _frcmple                                 0x08021781   Thumb Code    98  frleqf.o(x$fpl$frleqf)
    __aeabi_fsub                             0x080217e5   Thumb Code     0  faddsub_clz.o(x$fpl$fsub)
    _fsub                                    0x080217e5   Thumb Code   234  faddsub_clz.o(x$fpl$fsub)
    _printf_fp_dec                           0x080218cf   Thumb Code     4  printf1.o(x$fpl$printf1)
    __fpl_return_NaN                         0x080218d3   Thumb Code   100  retnan.o(x$fpl$retnan)
    __ARM_scalbn                             0x08021937   Thumb Code    92  scalbn.o(x$fpl$scalbn)
    _scanf_real                              0x08021993   Thumb Code     4  scanf1.o(x$fpl$scanf1)
    _scanf_hex_real                          0x08021997   Thumb Code     4  scanf2.o(x$fpl$scanf2)
    _scanf_infnan                            0x0802199b   Thumb Code     4  scanf2.o(x$fpl$scanf2)
    __fpl_cmpreturn                          0x0802199f   Thumb Code    48  trapv.o(x$fpl$trapveneer)
    __I$use$fp                               0x080219ce   Number         0  usenofp.o(x$fpl$usenofp)
    Sensor_Name                              0x080219d0   Data         112  sup_fun.o(.constdata)
    HexTable                                 0x08021a54   Data          16  usart.o(.constdata)
    Item                                     0x08021b34   Data       26000  test_config.o(.constdata)
    Updown_Name                              0x080280c4   Data          48  base_config.o(.constdata)
    Software_Name                            0x080280f4   Data          48  base_config.o(.constdata)
    Switch_Board_Name                        0x08028124   Data          48  base_config.o(.constdata)
    Scan_Mode_Name                           0x08028154   Data          80  base_config.o(.constdata)
    version                                  0x08028238   Data          10  reg_config.o(.constdata)
    defult_Date                              0x08028242   Data          17  reg_config.o(.constdata)
    auchCRCLo                                0x08028348   Data         256  crc.o(.constdata)
    auchCRCHi                                0x08028448   Data         256  crc.o(.constdata)
    OpenGroup                                0x080285a8   Data        3096  open.o(.constdata)
    ShortGroup                               0x080291c0   Data        2580  short.o(.constdata)
    ColorRatio                               0x08029c50   Data         800  led.o(.constdata)
    __mathlib_zero                           0x0802a048   Data           8  qnan.o(.constdata)
    Region$$Table$$Base                      0x0802b094   Number         0  anon$$obj.o(Region$$Table)
    Region$$Table$$Limit                     0x0802b0b4   Number         0  anon$$obj.o(Region$$Table)
    __aeabi_HUGE_VAL                         0x0802b0b4   Data           0  fpconst.o(c$$dinf)
    __aeabi_HUGE_VALL                        0x0802b0b4   Data           0  fpconst.o(c$$dinf)
    __aeabi_INFINITY                         0x0802b0b4   Data           0  fpconst.o(c$$dinf)
    __dInf                                   0x0802b0b4   Data           0  fpconst.o(c$$dinf)
    __huge_val                               0x0802b0b4   Data           0  fpconst.o(c$$dinf)
    __ctype                                  0x0802b0e5   Data           0  lc_ctype_c.o(locale$$data)
    sys_cmd_tab                              0x20000018   Data          28  usmart.o(.data)
    usmart_nametab                           0x20000034   Data          80  usmart_config.o(.data)
    usmart_dev                               0x20000084   Data         244  usmart_config.o(.data)
    double_data                              0x20000178   Data           8  24cxx.o(.data)
    Relay_data                               0x20000180   Data           4  sup_fun.o(.data)
    AD7176_Rate_Set                          0x20000184   Data           1  ad7176.o(.data)
    lcdbase                                  0x20000185   Data           1  lcd3033.o(.data)
    lcdhang                                  0x20000186   Data           1  lcd3033.o(.data)
    lcdcon                                   0x20000187   Data           1  lcd3033.o(.data)
    Impedance_Test                           0x20000188   Data          48  ad5933.o(.data)
    COUNTER_Finish_Flag                      0x200001b8   Data           1  fre.o(.data)
    TIM3_COUNTER                             0x200001ba   Data           2  fre.o(.data)
    CNT                                      0x200001bc   Data           4  fre.o(.data)
    USART1_REV_CNT                           0x200001c0   Data           1  usart.o(.data)
    USART2_REV_CNT                           0x200001c1   Data           1  usart.o(.data)
    USART3_REV_CNT                           0x200001c2   Data           1  usart.o(.data)
    UART4_REV_CNT                            0x200001c3   Data           1  usart.o(.data)
    UART5_REV_CNT                            0x200001c4   Data           1  usart.o(.data)
    __stdout                                 0x200001c8   Data           4  usart.o(.data)
    counter                                  0x200001cc   Data           1  uart5.o(.data)
    SystemCoreClock                          0x200001d0   Data           4  system_stm32f10x.o(.data)
    AHBPrescTable                            0x200001d4   Data          16  system_stm32f10x.o(.data)
    ZhendingTechImage                        0x200001e4   Data        1024  other.o(.data)
    FAILImage                                0x200005e4   Data        1024  other.o(.data)
    PASSImage                                0x200009e4   Data        1024  other.o(.data)
    Gas_Keep_Time                            0x20000de4   Data           2  other.o(.data)
    Trigger_Gas                              0x20000de6   Data           1  other.o(.data)
    _Test_Mode                               0x20000de8   Data         160  menu.o(.data)
    Parameter_List                           0x20000e88   Data          40  menu.o(.data)
    Scan_Mode_Menu                           0x20000eb0   Data          85  barcode.o(.data)
    BarcodeReader_Name                       0x20000f05   Data          34  barcode.o(.data)
    Scan_List                                0x20000f28   Data          80  barcode.o(.data)
    Debug_List                               0x20000f78   Data          80  debug.o(.data)
    Type_fun                                 0x20000fc8   Data          64  list_test.o(.data)
    NetModeName                              0x20001008   Data          68  eth_config.o(.data)
    ipaddr                                   0x2000104c   Data           4  eth_config.o(.data)
    netmask                                  0x20001050   Data           4  eth_config.o(.data)
    gw                                       0x20001054   Data           4  eth_config.o(.data)
    filename                                 0x20001058   Data          17  reg_config.o(.data)
    ETH_default_Config                       0x2000106c   Data          32  reg_config.o(.data)
    Scan                                     0x2000108c   Data         124  reg_config.o(.data)
    ACT_Parameter                            0x20001108   Data        1728  reg_config.o(.data)
    Reg                                      0x200017c8   Data        2856  reg_config.o(.data)
    Sammple_List                             0x200022f0   Data          32  sample_notice.o(.data)
    dot_List                                 0x20002310   Data          96  dot.o(.data)
    Motor_Debug_Flag                         0x20002370   Data           1  motor.o(.data)
    usb_move_List                            0x20002380   Data          40  usb_move.o(.data)
    LEC_SET                                  0x200023a8   Data           4  modbus.o(.data)
    Lec_Ptr                                  0x200023ac   Data           4  modbus.o(.data)
    X_Axis                                   0x200023b0   Data          72  x_axis.o(.data)
    Debug_Set                                0x200023f8   Data           1  x_axis.o(.data)
    Rank_Num                                 0x200023f9   Data           1  x_axis.o(.data)
    NG_Rank_Num                              0x200023fa   Data           1  x_axis.o(.data)
    Eact_Take_Product_List                   0x200023fc   Data         104  x_axis.o(.data)
    Y_Axis                                   0x20002468   Data          72  y_axis.o(.data)
    Eact_UpDown_List                         0x200024b0   Data          40  y_axis.o(.data)
    Pin_Name                                 0x200024d8   Data        1540  os.o(.data)
    uF_Cap_Ratio                             0x20002ae0   Data           8  uf.o(.data)
    Vrms_Src                                 0x20002ae8   Data           8  uf.o(.data)
    ColorRatio_Num                           0x20002af0   Data           2  led.o(.data)
    USID                                     0x20002af2   Data           1  subus.o(.data)
    RF_Total_Result                          0x20002af7   Data           4  rf.o(.data)
    Host_Save_NG                             0x20002afc   Data          15  wtb.o(.data)
    Host_Save_OK                             0x20002b0b   Data          15  wtb.o(.data)
    RETEST_Comm                              0x20002b1a   Data          15  wtb.o(.data)
    MCUISP                                   0x20002b29   Data          20  wtb.o(.data)
    MCUISP_ACK                               0x20002b3d   Data          30  wtb.o(.data)
    Connect_Falg                             0x20002b5b   Data           1  wtb.o(.data)
    Soft_Start_Test                          0x20002b5c   Data           1  wtb.o(.data)
    Cmd_Handler                              0x20002b60   Data         312  wtb.o(.data)
    CmdNotice                                0x20002c98   Data          44  wtb.o(.data)
    Stop_Upper_Cmd                           0x20002cc4   Data           4  zdt.o(.data)
    ZDT_Upper_Computer_DOK_CMD               0x20002cc8   Data           4  zdt.o(.data)
    ZDT_Upper_Computer_DNG_CMD               0x20002ccc   Data           4  zdt.o(.data)
    lcdarray                                 0x20002cd0   Data          64  lcd3033.o(.bss)
    USART1_Buffer                            0x20002d10   Data         128  usart.o(.bss)
    USART2_Buffer                            0x20002d90   Data         128  usart.o(.bss)
    USART3_Buffer                            0x20002e10   Data         128  usart.o(.bss)
    UART4_Buffer                             0x20002e90   Data         128  usart.o(.bss)
    UART5_Buffer                             0x20002f10   Data         128  usart.o(.bss)
    Step_buffer                              0x20002f90   Data        1000  list_test.o(.bss)
    TestConfig                               0x20003378   Data          22  test_config.o(.bss)
    Item_Data                                0x20003390   Data        6000  test_config.o(.bss)
    NET_ETH                                  0x20004b00   Data          32  eth_config.o(.bss)
    Fixture                                  0x20004b20   Data          44  base_config.o(.bss)
    Motor                                    0x20004b50   Data          96  motor.o(.bss)
    Open_Data                                0x20004bb0   Data       31560  open.o(.bss)
    SHORT_RES                                0x2000c6f8   Data        2304  short.o(.bss)
    ErrorMsg                                 0x2000cff8   Data         258  short.o(.bss)
    Point                                    0x2000d0fa   Data         770  short.o(.bss)
    __libspace_start                         0x2000d3fc   Data          96  libspace.o(.bss)
    __temporary_stack_top$libspace           0x2000d45c   Data           0  libspace.o(.bss)



==============================================================================

Memory Map of the image

  Image Entry point : 0x08000131

  Load Region LR_IROM1 (Base: 0x08000000, Size: 0x0002deb8, Max: 0x00080000, ABSOLUTE, COMPRESSED[0x0002be10])

    Execution Region ER_IROM1 (Base: 0x08000000, Size: 0x0002b1e8, Max: 0x00080000, ABSOLUTE)

    Base Addr    Size         Type   Attr      Idx    E Section Name        Object

    0x08000000   0x00000130   Data   RO          517    RESET               startup_stm32f10x_hd.o
    0x08000130   0x00000008   Code   RO         1977  * !!!main             c_w.l(__main.o)
    0x08000138   0x00000034   Code   RO         2444    !!!scatter          c_w.l(__scatter.o)
    0x0800016c   0x0000005a   Code   RO         2442    !!dczerorl2         c_w.l(__dczerorl2.o)
    0x080001c6   0x00000002   PAD
    0x080001c8   0x0000001c   Code   RO         2446    !!handler_zi        c_w.l(__scatter_zi.o)
    0x080001e4   0x00000000   Code   RO         1948    .ARM.Collect$$_printf_percent$$00000000  c_w.l(_printf_percent.o)
    0x080001e4   0x00000006   Code   RO         2126    .ARM.Collect$$_printf_percent$$00000001  c_w.l(_printf_n.o)
    0x080001ea   0x00000006   Code   RO         2128    .ARM.Collect$$_printf_percent$$00000002  c_w.l(_printf_p.o)
    0x080001f0   0x00000006   Code   RO         1946    .ARM.Collect$$_printf_percent$$00000003  c_w.l(_printf_f.o)
    0x080001f6   0x00000006   Code   RO         2132    .ARM.Collect$$_printf_percent$$00000004  c_w.l(_printf_e.o)
    0x080001fc   0x00000006   Code   RO         1947    .ARM.Collect$$_printf_percent$$00000005  c_w.l(_printf_g.o)
    0x08000202   0x00000006   Code   RO         2133    .ARM.Collect$$_printf_percent$$00000006  c_w.l(_printf_a.o)
    0x08000208   0x0000000a   Code   RO         2138    .ARM.Collect$$_printf_percent$$00000007  c_w.l(_printf_ll.o)
    0x08000212   0x00000006   Code   RO         2130    .ARM.Collect$$_printf_percent$$00000008  c_w.l(_printf_i.o)
    0x08000218   0x00000006   Code   RO         1945    .ARM.Collect$$_printf_percent$$00000009  c_w.l(_printf_d.o)
    0x0800021e   0x00000006   Code   RO         2131    .ARM.Collect$$_printf_percent$$0000000A  c_w.l(_printf_u.o)
    0x08000224   0x00000006   Code   RO         2129    .ARM.Collect$$_printf_percent$$0000000B  c_w.l(_printf_o.o)
    0x0800022a   0x00000006   Code   RO         2127    .ARM.Collect$$_printf_percent$$0000000C  c_w.l(_printf_x.o)
    0x08000230   0x00000006   Code   RO         2135    .ARM.Collect$$_printf_percent$$0000000D  c_w.l(_printf_lli.o)
    0x08000236   0x00000006   Code   RO         2136    .ARM.Collect$$_printf_percent$$0000000E  c_w.l(_printf_lld.o)
    0x0800023c   0x00000006   Code   RO         2137    .ARM.Collect$$_printf_percent$$0000000F  c_w.l(_printf_llu.o)
    0x08000242   0x00000006   Code   RO         2142    .ARM.Collect$$_printf_percent$$00000010  c_w.l(_printf_llo.o)
    0x08000248   0x00000006   Code   RO         2143    .ARM.Collect$$_printf_percent$$00000011  c_w.l(_printf_llx.o)
    0x0800024e   0x0000000a   Code   RO         2139    .ARM.Collect$$_printf_percent$$00000012  c_w.l(_printf_l.o)
    0x08000258   0x00000006   Code   RO         2125    .ARM.Collect$$_printf_percent$$00000013  c_w.l(_printf_c.o)
    0x0800025e   0x00000006   Code   RO         1944    .ARM.Collect$$_printf_percent$$00000014  c_w.l(_printf_s.o)
    0x08000264   0x00000006   Code   RO         2140    .ARM.Collect$$_printf_percent$$00000015  c_w.l(_printf_lc.o)
    0x0800026a   0x00000006   Code   RO         2141    .ARM.Collect$$_printf_percent$$00000016  c_w.l(_printf_ls.o)
    0x08000270   0x00000004   Code   RO         2134    .ARM.Collect$$_printf_percent$$00000017  c_w.l(_printf_percent_end.o)
    0x08000274   0x00000002   Code   RO         2279    .ARM.Collect$$libinit$$00000000  c_w.l(libinit.o)
    0x08000276   0x00000000   Code   RO         2281    .ARM.Collect$$libinit$$00000002  c_w.l(libinit2.o)
    0x08000276   0x00000000   Code   RO         2283    .ARM.Collect$$libinit$$00000004  c_w.l(libinit2.o)
    0x08000276   0x00000000   Code   RO         2286    .ARM.Collect$$libinit$$0000000A  c_w.l(libinit2.o)
    0x08000276   0x00000000   Code   RO         2288    .ARM.Collect$$libinit$$0000000C  c_w.l(libinit2.o)
    0x08000276   0x00000000   Code   RO         2290    .ARM.Collect$$libinit$$0000000E  c_w.l(libinit2.o)
    0x08000276   0x00000006   Code   RO         2291    .ARM.Collect$$libinit$$0000000F  c_w.l(libinit2.o)
    0x0800027c   0x00000000   Code   RO         2293    .ARM.Collect$$libinit$$00000011  c_w.l(libinit2.o)
    0x0800027c   0x0000000c   Code   RO         2294    .ARM.Collect$$libinit$$00000012  c_w.l(libinit2.o)
    0x08000288   0x00000000   Code   RO         2295    .ARM.Collect$$libinit$$00000013  c_w.l(libinit2.o)
    0x08000288   0x00000000   Code   RO         2297    .ARM.Collect$$libinit$$00000015  c_w.l(libinit2.o)
    0x08000288   0x0000000a   Code   RO         2298    .ARM.Collect$$libinit$$00000016  c_w.l(libinit2.o)
    0x08000292   0x00000000   Code   RO         2299    .ARM.Collect$$libinit$$00000017  c_w.l(libinit2.o)
    0x08000292   0x00000000   Code   RO         2301    .ARM.Collect$$libinit$$00000019  c_w.l(libinit2.o)
    0x08000292   0x00000000   Code   RO         2303    .ARM.Collect$$libinit$$0000001B  c_w.l(libinit2.o)
    0x08000292   0x00000000   Code   RO         2305    .ARM.Collect$$libinit$$0000001D  c_w.l(libinit2.o)
    0x08000292   0x00000000   Code   RO         2307    .ARM.Collect$$libinit$$0000001F  c_w.l(libinit2.o)
    0x08000292   0x00000000   Code   RO         2309    .ARM.Collect$$libinit$$00000021  c_w.l(libinit2.o)
    0x08000292   0x00000000   Code   RO         2311    .ARM.Collect$$libinit$$00000023  c_w.l(libinit2.o)
    0x08000292   0x00000000   Code   RO         2313    .ARM.Collect$$libinit$$00000025  c_w.l(libinit2.o)
    0x08000292   0x00000000   Code   RO         2317    .ARM.Collect$$libinit$$0000002C  c_w.l(libinit2.o)
    0x08000292   0x00000000   Code   RO         2319    .ARM.Collect$$libinit$$0000002E  c_w.l(libinit2.o)
    0x08000292   0x00000000   Code   RO         2321    .ARM.Collect$$libinit$$00000030  c_w.l(libinit2.o)
    0x08000292   0x00000000   Code   RO         2323    .ARM.Collect$$libinit$$00000032  c_w.l(libinit2.o)
    0x08000292   0x00000002   Code   RO         2324    .ARM.Collect$$libinit$$00000033  c_w.l(libinit2.o)
    0x08000294   0x00000002   Code   RO         2381    .ARM.Collect$$libshutdown$$00000000  c_w.l(libshutdown.o)
    0x08000296   0x00000000   Code   RO         2403    .ARM.Collect$$libshutdown$$00000003  c_w.l(libshutdown2.o)
    0x08000296   0x00000000   Code   RO         2406    .ARM.Collect$$libshutdown$$00000006  c_w.l(libshutdown2.o)
    0x08000296   0x00000000   Code   RO         2409    .ARM.Collect$$libshutdown$$00000009  c_w.l(libshutdown2.o)
    0x08000296   0x00000000   Code   RO         2411    .ARM.Collect$$libshutdown$$0000000B  c_w.l(libshutdown2.o)
    0x08000296   0x00000000   Code   RO         2414    .ARM.Collect$$libshutdown$$0000000E  c_w.l(libshutdown2.o)
    0x08000296   0x00000002   Code   RO         2415    .ARM.Collect$$libshutdown$$0000000F  c_w.l(libshutdown2.o)
    0x08000298   0x00000000   Code   RO         2067    .ARM.Collect$$rtentry$$00000000  c_w.l(__rtentry.o)
    0x08000298   0x00000000   Code   RO         2188    .ARM.Collect$$rtentry$$00000002  c_w.l(__rtentry2.o)
    0x08000298   0x00000006   Code   RO         2200    .ARM.Collect$$rtentry$$00000004  c_w.l(__rtentry4.o)
    0x0800029e   0x00000000   Code   RO         2190    .ARM.Collect$$rtentry$$00000009  c_w.l(__rtentry2.o)
    0x0800029e   0x00000004   Code   RO         2191    .ARM.Collect$$rtentry$$0000000A  c_w.l(__rtentry2.o)
    0x080002a2   0x00000000   Code   RO         2193    .ARM.Collect$$rtentry$$0000000C  c_w.l(__rtentry2.o)
    0x080002a2   0x00000008   Code   RO         2194    .ARM.Collect$$rtentry$$0000000D  c_w.l(__rtentry2.o)
    0x080002aa   0x00000002   Code   RO         2327    .ARM.Collect$$rtexit$$00000000  c_w.l(rtexit.o)
    0x080002ac   0x00000000   Code   RO         2351    .ARM.Collect$$rtexit$$00000002  c_w.l(rtexit2.o)
    0x080002ac   0x00000004   Code   RO         2352    .ARM.Collect$$rtexit$$00000003  c_w.l(rtexit2.o)
    0x080002b0   0x00000006   Code   RO         2353    .ARM.Collect$$rtexit$$00000004  c_w.l(rtexit2.o)
    0x080002b6   0x00000002   PAD
    0x080002b8   0x000000dc   Code   RO            1    .text               misc.o
    0x08000394   0x0000018c   Code   RO          122    .text               stm32f10x_dac.o
    0x08000520   0x00000254   Code   RO          149    .text               stm32f10x_dma.o
    0x08000774   0x0000011c   Code   RO          164    .text               stm32f10x_exti.o
    0x08000890   0x0000035c   Code   RO          209    .text               stm32f10x_gpio.o
    0x08000bec   0x000003a4   Code   RO          266    .text               stm32f10x_rcc.o
    0x08000f90   0x00000e1a   Code   RO          325    .text               stm32f10x_tim.o
    0x08001daa   0x00000002   PAD
    0x08001dac   0x00000408   Code   RO          340    .text               stm32f10x_usart.o
    0x080021b4   0x000000d4   Code   RO          367    .text               delay.o
    0x08002288   0x00000adc   Code   RO          399    .text               usmart.o
    0x08002d64   0x00000048   Code   RO          448    .text               usmart_config.o
    0x08002dac   0x00000528   Code   RO          488    .text               usmart_str.o
    0x080032d4   0x00000040   Code   RO          518    .text               startup_stm32f10x_hd.o
    0x08003314   0x00000328   Code   RO          537    .text               dac.o
    0x0800363c   0x000003d8   Code   RO          565    .text               global.o
    0x08003a14   0x000001fc   Code   RO          589    .text               24cxx.o
    0x08003c10   0x00000b68   Code   RO          618    .text               sup_fun.o
    0x08004778   0x00000548   Code   RO          655    .text               ad7176.o
    0x08004cc0   0x00000518   Code   RO          680    .text               analog_switch.o
    0x080051d8   0x00000452   Code   RO          695    .text               lcd3033.o
    0x0800562a   0x00000002   PAD
    0x0800562c   0x00000a0c   Code   RO          721    .text               ad5933.o
    0x08006038   0x0000030c   Code   RO          743    .text               fre.o
    0x08006344   0x00000260   Code   RO          761    .text               myiic.o
    0x080065a4   0x00000514   Code   RO          773    .text               net_iic.o
    0x08006ab8   0x000005ac   Code   RO          791    .text               usart.o
    0x08007064   0x000001b4   Code   RO          812    .text               usart1.o
    0x08007218   0x000001d8   Code   RO          828    .text               usart2.o
    0x080073f0   0x000001e8   Code   RO          841    .text               usart3.o
    0x080075d8   0x000001ac   Code   RO          854    .text               uart4.o
    0x08007784   0x00000144   Code   RO          870    .text               uart5.o
    0x080078c8   0x000004e8   Code   RO          886    .text               main.o
    0x08007db0   0x0000001a   Code   RO          949    .text               stm32f10x_it.o
    0x08007dca   0x00000002   PAD
    0x08007dcc   0x000001e0   Code   RO          961    .text               system_stm32f10x.o
    0x08007fac   0x000007f8   Code   RO          979    .text               other.o
    0x080087a4   0x0000065c   Code   RO         1018    .text               menu.o
    0x08008e00   0x00000b5c   Code   RO         1052    .text               barcode.o
    0x0800995c   0x00000838   Code   RO         1076    .text               debug.o
    0x0800a194   0x00000200   Code   RO         1098    .text               hold_data.o
    0x0800a394   0x00000208   Code   RO         1117    .text               list_test.o
    0x0800a59c   0x00000418   Code   RO         1182    .text               test_config.o
    0x0800a9b4   0x00000e34   Code   RO         1210    .text               eth_config.o
    0x0800b7e8   0x000007a8   Code   RO         1230    .text               base_config.o
    0x0800bf90   0x00000234   Code   RO         1249    .text               block_check.o
    0x0800c1c4   0x00000be4   Code   RO         1268    .text               reg_config.o
    0x0800cda8   0x0000063c   Code   RO         1301    .text               sample_notice.o
    0x0800d3e4   0x00000608   Code   RO         1321    .text               dot.o
    0x0800d9ec   0x0000101c   Code   RO         1341    .text               motor.o
    0x0800ea08   0x000003b0   Code   RO         1361    .text               usb_move.o
    0x0800edb8   0x00000fd8   Code   RO         1382    .text               modbus.o
    0x0800fd90   0x0000003c   Code   RO         1405    .text               crc.o
    0x0800fdcc   0x00000a5c   Code   RO         1420    .text               x_axis.o
    0x08010828   0x00000910   Code   RO         1457    .text               y_axis.o
    0x08011138   0x000007ec   Code   RO         1474    .text               os.o
    0x08011924   0x000006b8   Code   RO         1496    .text               mr.o
    0x08011fdc   0x0000082c   Code   RO         1515    .text               kohm.o
    0x08012808   0x000010c8   Code   RO         1531    .text               open.o
    0x080138d0   0x00000ea8   Code   RO         1550    .text               short.o
    0x08014778   0x00000e10   Code   RO         1573    .text               diode.o
    0x08015588   0x00000d54   Code   RO         1589    .text               uf.o
    0x080162dc   0x000007f0   Code   RO         1607    .text               pf.o
    0x08016acc   0x00000458   Code   RO         1632    .text               os_study.o
    0x08016f24   0x000007f8   Code   RO         1648    .text               hall.o
    0x0801771c   0x0000068c   Code   RO         1661    .text               ldo.o
    0x08017da8   0x00000644   Code   RO         1677    .text               leakage_i.o
    0x080183ec   0x00000a40   Code   RO         1693    .text               led.o
    0x08018e2c   0x00000dbc   Code   RO         1715    .text               switch.o
    0x08019be8   0x000005b4   Code   RO         1746    .text               id.o
    0x0801a19c   0x0000034c   Code   RO         1761    .text               subus.o
    0x0801a4e8   0x000007e8   Code   RO         1779    .text               rf.o
    0x0801acd0   0x000004cc   Code   RO         1801    .text               rf_id.o
    0x0801b19c   0x000006f0   Code   RO         1826    .text               wtb.o
    0x0801b88c   0x0000038c   Code   RO         1852    .text               zdt.o
    0x0801bc18   0x00001694   Code   RO         1869    .text               data.o
    0x0801d2ac   0x0000015c   Code   RO         1889    .text               cmd.o
    0x0801d408   0x00000002   Code   RO         1906    .text               c_w.l(use_no_semi_2.o)
    0x0801d40a   0x00000002   PAD
    0x0801d40c   0x00000024   Code   RO         1908    .text               c_w.l(c89vsprintf.o)
    0x0801d430   0x00000018   Code   RO         1910    .text               c_w.l(__2printf.o)
    0x0801d448   0x0000002c   Code   RO         1912    .text               c_w.l(__2sprintf.o)
    0x0801d474   0x00000052   Code   RO         1920    .text               c_w.l(_printf_str.o)
    0x0801d4c6   0x00000002   PAD
    0x0801d4c8   0x00000078   Code   RO         1922    .text               c_w.l(_printf_dec.o)
    0x0801d540   0x00000188   Code   RO         1941    .text               c_w.l(__printf_flags_ss_wp.o)
    0x0801d6c8   0x0000001a   Code   RO         1949    .text               c_w.l(atoi.o)
    0x0801d6e2   0x00000014   Code   RO         1951    .text               c_w.l(strchr.o)
    0x0801d6f6   0x00000024   Code   RO         1953    .text               c_w.l(strstr.o)
    0x0801d71a   0x00000058   Code   RO         1955    .text               c_w.l(memcmp.o)
    0x0801d772   0x00000048   Code   RO         1957    .text               c_w.l(strcpy.o)
    0x0801d7ba   0x0000003e   Code   RO         1959    .text               c_w.l(strlen.o)
    0x0801d7f8   0x00000018   Code   RO         1961    .text               c_w.l(strcat.o)
    0x0801d810   0x00000064   Code   RO         1963    .text               c_w.l(rt_memcpy_w.o)
    0x0801d874   0x00000010   Code   RO         1965    .text               c_w.l(aeabi_memset.o)
    0x0801d884   0x00000044   Code   RO         1967    .text               c_w.l(rt_memclr.o)
    0x0801d8c8   0x0000004e   Code   RO         1969    .text               c_w.l(rt_memclr_w.o)
    0x0801d916   0x00000056   Code   RO         1971    .text               c_w.l(strncpy.o)
    0x0801d96c   0x00000080   Code   RO         1973    .text               c_w.l(strcmpv7m.o)
    0x0801d9ec   0x00000006   Code   RO         1975    .text               c_w.l(heapauxi.o)
    0x0801d9f2   0x00000002   Code   RO         2065    .text               c_w.l(use_no_semi.o)
    0x0801d9f4   0x00000008   Code   RO         2071    .text               c_w.l(rt_errno_addr_intlibspace.o)
    0x0801d9fc   0x00000016   Code   RO         2073    .text               c_w.l(_rserrno.o)
    0x0801da12   0x0000004e   Code   RO         2075    .text               c_w.l(_printf_pad.o)
    0x0801da60   0x00000024   Code   RO         2077    .text               c_w.l(_printf_truncate.o)
    0x0801da84   0x000000b2   Code   RO         2079    .text               c_w.l(_printf_intcommon.o)
    0x0801db36   0x00000028   Code   RO         2081    .text               c_w.l(_printf_charcount.o)
    0x0801db5e   0x0000041a   Code   RO         2083    .text               c_w.l(_printf_fp_dec.o)
    0x0801df78   0x00000030   Code   RO         2085    .text               c_w.l(_printf_char_common.o)
    0x0801dfa8   0x0000000a   Code   RO         2087    .text               c_w.l(_sputc.o)
    0x0801dfb2   0x0000002c   Code   RO         2089    .text               c_w.l(_printf_char.o)
    0x0801dfde   0x00000002   PAD
    0x0801dfe0   0x00000024   Code   RO         2091    .text               c_w.l(_printf_char_file.o)
    0x0801e004   0x000000bc   Code   RO         2093    .text               c_w.l(_printf_wctomb.o)
    0x0801e0c0   0x0000007c   Code   RO         2096    .text               c_w.l(_printf_longlong_dec.o)
    0x0801e13c   0x00000070   Code   RO         2102    .text               c_w.l(_printf_oct_int_ll.o)
    0x0801e1ac   0x00000094   Code   RO         2122    .text               c_w.l(_printf_hex_int_ll_ptr.o)
    0x0801e240   0x000000a0   Code   RO         2144    .text               c_w.l(strtod.o)
    0x0801e2e0   0x00000070   Code   RO         2146    .text               c_w.l(strtol.o)
    0x0801e350   0x00000008   Code   RO         2184    .text               c_w.l(libspace.o)
    0x0801e358   0x00000010   Code   RO         2202    .text               c_w.l(rt_ctype_table.o)
    0x0801e368   0x00000008   Code   RO         2207    .text               c_w.l(rt_locale_intlibspace.o)
    0x0801e370   0x0000008a   Code   RO         2209    .text               c_w.l(lludiv10.o)
    0x0801e3fa   0x00000012   Code   RO         2211    .text               c_w.l(isspace.o)
    0x0801e40c   0x00000080   Code   RO         2213    .text               c_w.l(_printf_fp_infnan.o)
    0x0801e48c   0x0000002c   Code   RO         2217    .text               c_w.l(_printf_wchar.o)
    0x0801e4b8   0x00000040   Code   RO         2219    .text               c_w.l(_sgetc.o)
    0x0801e4f8   0x0000009e   Code   RO         2221    .text               c_w.l(_strtoul.o)
    0x0801e596   0x00000002   PAD
    0x0801e598   0x000000dc   Code   RO         2223    .text               c_w.l(bigflt0.o)
    0x0801e674   0x00000008   Code   RO         2248    .text               c_w.l(ferror.o)
    0x0801e67c   0x00000040   Code   RO         2252    .text               c_w.l(_wcrtomb.o)
    0x0801e6bc   0x0000004a   Code   RO         2263    .text               c_w.l(sys_stackheap_outer.o)
    0x0801e706   0x0000001c   Code   RO         2265    .text               c_w.l(_chval.o)
    0x0801e722   0x00000002   PAD
    0x0801e724   0x000004a4   Code   RO         2267    .text               c_w.l(scanf_fp.o)
    0x0801ebc8   0x0000000c   Code   RO         2272    .text               c_w.l(exit.o)
    0x0801ebd4   0x00000318   Code   RO         2357    .text               c_w.l(scanf_hexfp.o)
    0x0801eeec   0x00000134   Code   RO         2359    .text               c_w.l(scanf_infnan.o)
    0x0801f020   0x00000026   Code   RO         2373    .text               c_w.l(llshl.o)
    0x0801f046   0x0000003e   Code   RO         2226    CL$$btod_d2e        c_w.l(btod.o)
    0x0801f084   0x00000046   Code   RO         2228    CL$$btod_d2e_denorm_low  c_w.l(btod.o)
    0x0801f0ca   0x00000060   Code   RO         2227    CL$$btod_d2e_norm_op1  c_w.l(btod.o)
    0x0801f12a   0x00000338   Code   RO         2236    CL$$btod_div_common  c_w.l(btod.o)
    0x0801f462   0x00000002   PAD
    0x0801f464   0x00000054   Code   RO         2234    CL$$btod_e2d        c_w.l(btod.o)
    0x0801f4b8   0x000000c6   Code   RO         2233    CL$$btod_e2e        c_w.l(btod.o)
    0x0801f57e   0x00000028   Code   RO         2230    CL$$btod_ediv       c_w.l(btod.o)
    0x0801f5a6   0x00000028   Code   RO         2232    CL$$btod_edivd      c_w.l(btod.o)
    0x0801f5ce   0x00000028   Code   RO         2229    CL$$btod_emul       c_w.l(btod.o)
    0x0801f5f6   0x00000028   Code   RO         2231    CL$$btod_emuld      c_w.l(btod.o)
    0x0801f61e   0x00000244   Code   RO         2235    CL$$btod_mult_common  c_w.l(btod.o)
    0x0801f862   0x00000028   Code   RO         2179    i.__ARM_fpclassify  m_ws.l(fpclassify.o)
    0x0801f88a   0x000000aa   Code   RO         2181    i.__kernel_poly     m_ws.l(poly.o)
    0x0801f934   0x00000010   Code   RO         2165    i.__mathlib_dbl_divzero  m_ws.l(dunder.o)
    0x0801f944   0x00000004   Code   RO         2167    i.__mathlib_dbl_infnan2  m_ws.l(dunder.o)
    0x0801f948   0x0000000c   Code   RO         2168    i.__mathlib_dbl_invalid  m_ws.l(dunder.o)
    0x0801f954   0x0000000e   Code   RO         2169    i.__mathlib_dbl_overflow  m_ws.l(dunder.o)
    0x0801f962   0x00000002   PAD
    0x0801f964   0x00000010   Code   RO         2171    i.__mathlib_dbl_underflow  m_ws.l(dunder.o)
    0x0801f974   0x00000010   Code   RO         2344    i.__mathlib_narrow  m_ws.l(narrow.o)
    0x0801f984   0x00000088   Code   RO         2345    i.__mathlib_tofloat  m_ws.l(narrow.o)
    0x0801fa0c   0x00000016   Code   RO         2383    i.__support_ldexp   m_ws.l(ldexp.o)
    0x0801fa22   0x0000000e   Code   RO         1934    i._is_digit         c_w.l(__printf_wp.o)
    0x0801fa30   0x0000002a   Code   RO         2044    i.atof              m_ws.l(atof.o)
    0x0801fa5a   0x00000002   PAD
    0x0801fa5c   0x00000058   Code   RO         2366    i.frexp             m_ws.l(frexp.o)
    0x0801fab4   0x00000074   Code   RO         2384    i.ldexp             m_ws.l(ldexp.o)
    0x0801fb28   0x000009b8   Code   RO         2048    i.pow               m_ws.l(pow.o)
    0x080204e0   0x0000004c   Code   RO         2058    i.sqrt              m_ws.l(sqrt.o)
    0x0802052c   0x0000002c   Code   RO         2255    locale$$code        c_w.l(lc_numeric_c.o)
    0x08020558   0x0000002c   Code   RO         2270    locale$$code        c_w.l(lc_ctype_c.o)
    0x08020584   0x00000062   Code   RO         1979    x$fpl$d2f           fz_ws.l(d2f.o)
    0x080205e6   0x00000002   PAD
    0x080205e8   0x00000150   Code   RO         1981    x$fpl$dadd          fz_ws.l(daddsub_clz.o)
    0x08020738   0x00000010   Code   RO         2257    x$fpl$dcheck1       fz_ws.l(dcheck1.o)
    0x08020748   0x00000018   Code   RO         2148    x$fpl$dcmpinf       fz_ws.l(dcmpi.o)
    0x08020760   0x000002b0   Code   RO         1988    x$fpl$ddiv          fz_ws.l(ddiv.o)
    0x08020a10   0x00000078   Code   RO         1991    x$fpl$deqf          fz_ws.l(deqf.o)
    0x08020a88   0x0000005e   Code   RO         1993    x$fpl$dfix          fz_ws.l(dfix.o)
    0x08020ae6   0x00000002   PAD
    0x08020ae8   0x0000005a   Code   RO         1997    x$fpl$dfixu         fz_ws.l(dfixu.o)
    0x08020b42   0x0000002e   Code   RO         2002    x$fpl$dflt          fz_ws.l(dflt_clz.o)
    0x08020b70   0x00000026   Code   RO         2001    x$fpl$dfltu         fz_ws.l(dflt_clz.o)
    0x08020b96   0x00000002   PAD
    0x08020b98   0x00000078   Code   RO         2007    x$fpl$dleqf         fz_ws.l(dleqf.o)
    0x08020c10   0x00000154   Code   RO         2009    x$fpl$dmul          fz_ws.l(dmul.o)
    0x08020d64   0x0000009c   Code   RO         2150    x$fpl$dnaninf       fz_ws.l(dnaninf.o)
    0x08020e00   0x0000000c   Code   RO         2152    x$fpl$dretinf       fz_ws.l(dretinf.o)
    0x08020e0c   0x0000006c   Code   RO         2011    x$fpl$drleqf        fz_ws.l(drleqf.o)
    0x08020e78   0x00000016   Code   RO         1982    x$fpl$drsb          fz_ws.l(daddsub_clz.o)
    0x08020e8e   0x00000002   PAD
    0x08020e90   0x000001cc   Code   RO         2154    x$fpl$dsqrt         fz_ws.l(dsqrt_noumaal.o)
    0x0802105c   0x000001d4   Code   RO         1983    x$fpl$dsub          fz_ws.l(daddsub_clz.o)
    0x08021230   0x00000056   Code   RO         2013    x$fpl$f2d           fz_ws.l(f2d.o)
    0x08021286   0x00000002   PAD
    0x08021288   0x000000c4   Code   RO         2015    x$fpl$fadd          fz_ws.l(faddsub_clz.o)
    0x0802134c   0x00000018   Code   RO         2156    x$fpl$fcmpinf       fz_ws.l(fcmpi.o)
    0x08021364   0x00000184   Code   RO         2022    x$fpl$fdiv          fz_ws.l(fdiv.o)
    0x080214e8   0x0000003e   Code   RO         2025    x$fpl$ffixu         fz_ws.l(ffixu.o)
    0x08021526   0x00000002   PAD
    0x08021528   0x00000030   Code   RO         2030    x$fpl$fflt          fz_ws.l(fflt_clz.o)
    0x08021558   0x00000026   Code   RO         2029    x$fpl$ffltu         fz_ws.l(fflt_clz.o)
    0x0802157e   0x00000002   PAD
    0x08021580   0x00000068   Code   RO         2035    x$fpl$fleqf         fz_ws.l(fleqf.o)
    0x080215e8   0x00000102   Code   RO         2037    x$fpl$fmul          fz_ws.l(fmul.o)
    0x080216ea   0x0000008c   Code   RO         2158    x$fpl$fnaninf       fz_ws.l(fnaninf.o)
    0x08021776   0x0000000a   Code   RO         2160    x$fpl$fretinf       fz_ws.l(fretinf.o)
    0x08021780   0x00000062   Code   RO         2039    x$fpl$frleqf        fz_ws.l(frleqf.o)
    0x080217e2   0x00000002   PAD
    0x080217e4   0x000000ea   Code   RO         2017    x$fpl$fsub          fz_ws.l(faddsub_clz.o)
    0x080218ce   0x00000004   Code   RO         2041    x$fpl$printf1       fz_ws.l(printf1.o)
    0x080218d2   0x00000064   Code   RO         2325    x$fpl$retnan        fz_ws.l(retnan.o)
    0x08021936   0x0000005c   Code   RO         2162    x$fpl$scalbn        fz_ws.l(scalbn.o)
    0x08021992   0x00000004   Code   RO         2261    x$fpl$scanf1        fz_ws.l(scanf1.o)
    0x08021996   0x00000008   Code   RO         2336    x$fpl$scanf2        fz_ws.l(scanf2.o)
    0x0802199e   0x00000030   Code   RO         2342    x$fpl$trapveneer    fz_ws.l(trapv.o)
    0x080219ce   0x00000000   Code   RO         2164    x$fpl$usenofp       fz_ws.l(usenofp.o)
    0x080219ce   0x00000002   PAD
    0x080219d0   0x00000084   Data   RO          619    .constdata          sup_fun.o
    0x08021a54   0x00000010   Data   RO          793    .constdata          usart.o
    0x08021a64   0x000000ce   Data   RO         1053    .constdata          barcode.o
    0x08021b32   0x00000002   PAD
    0x08021b34   0x00006590   Data   RO         1184    .constdata          test_config.o
    0x080280c4   0x00000124   Data   RO         1232    .constdata          base_config.o
    0x080281e8   0x00000050   Data   RO         1250    .constdata          block_check.o
    0x08028238   0x0000004c   Data   RO         1269    .constdata          reg_config.o
    0x08028284   0x00000022   Data   RO         1302    .constdata          sample_notice.o
    0x080282a6   0x00000002   PAD
    0x080282a8   0x00000046   Data   RO         1322    .constdata          dot.o
    0x080282ee   0x00000002   PAD
    0x080282f0   0x00000022   Data   RO         1343    .constdata          motor.o
    0x08028312   0x00000002   PAD
    0x08028314   0x00000022   Data   RO         1362    .constdata          usb_move.o
    0x08028336   0x00000002   PAD
    0x08028338   0x00000010   Data   RO         1383    .constdata          modbus.o
    0x08028348   0x00000200   Data   RO         1406    .constdata          crc.o
    0x08028548   0x00000022   Data   RO         1421    .constdata          x_axis.o
    0x0802856a   0x00000002   PAD
    0x0802856c   0x00000022   Data   RO         1458    .constdata          y_axis.o
    0x0802858e   0x00000002   PAD
    0x08028590   0x00000018   Data   RO         1516    .constdata          kohm.o
    0x080285a8   0x00000c18   Data   RO         1533    .constdata          open.o
    0x080291c0   0x00000a14   Data   RO         1552    .constdata          short.o
    0x08029bd4   0x00000004   PAD
    0x08029bd8   0x00000030   Data   RO         1574    .constdata          diode.o
    0x08029c08   0x00000018   Data   RO         1649    .constdata          hall.o
    0x08029c20   0x00000018   Data   RO         1662    .constdata          ldo.o
    0x08029c38   0x00000018   Data   RO         1678    .constdata          leakage_i.o
    0x08029c50   0x00000320   Data   RO         1694    .constdata          led.o
    0x08029f70   0x0000000e   Data   RO         1716    .constdata          switch.o
    0x08029f7e   0x00000011   Data   RO         1942    .constdata          c_w.l(__printf_flags_ss_wp.o)
    0x08029f8f   0x00000001   PAD
    0x08029f90   0x00000088   Data   RO         2049    .constdata          m_ws.l(pow.o)
    0x0802a018   0x00000008   Data   RO         2094    .constdata          c_w.l(_printf_wctomb.o)
    0x0802a020   0x00000028   Data   RO         2123    .constdata          c_w.l(_printf_hex_int_ll_ptr.o)
    0x0802a048   0x00000008   Data   RO         2183    .constdata          m_ws.l(qnan.o)
    0x0802a050   0x00000094   Data   RO         2224    .constdata          c_w.l(bigflt0.o)
    0x0802a0e4   0x00000028   Data   RO          400    .conststring        usmart.o
    0x0802a10c   0x0000017b   Data   RO          449    .conststring        usmart_config.o
    0x0802a287   0x00000001   PAD
    0x0802a288   0x00000025   Data   RO          620    .conststring        sup_fun.o
    0x0802a2ad   0x00000003   PAD
    0x0802a2b0   0x000000cf   Data   RO         1019    .conststring        menu.o
    0x0802a37f   0x00000001   PAD
    0x0802a380   0x0000008f   Data   RO         1054    .conststring        barcode.o
    0x0802a40f   0x00000001   PAD
    0x0802a410   0x0000008f   Data   RO         1077    .conststring        debug.o
    0x0802a49f   0x00000001   PAD
    0x0802a4a0   0x00000028   Data   RO         1185    .conststring        test_config.o
    0x0802a4c8   0x00000521   Data   RO         1270    .conststring        reg_config.o
    0x0802a9e9   0x00000003   PAD
    0x0802a9ec   0x0000002f   Data   RO         1303    .conststring        sample_notice.o
    0x0802aa1b   0x00000001   PAD
    0x0802aa1c   0x000000af   Data   RO         1323    .conststring        dot.o
    0x0802aacb   0x00000001   PAD
    0x0802aacc   0x0000003f   Data   RO         1363    .conststring        usb_move.o
    0x0802ab0b   0x00000001   PAD
    0x0802ab0c   0x000000c5   Data   RO         1422    .conststring        x_axis.o
    0x0802abd1   0x00000003   PAD
    0x0802abd4   0x00000035   Data   RO         1459    .conststring        y_axis.o
    0x0802ac09   0x00000003   PAD
    0x0802ac0c   0x0000034f   Data   RO         1475    .conststring        os.o
    0x0802af5b   0x00000001   PAD
    0x0802af5c   0x000000cd   Data   RO         1827    .conststring        wtb.o
    0x0802b029   0x00000003   PAD
    0x0802b02c   0x00000016   Data   RO         1853    .conststring        zdt.o
    0x0802b042   0x00000002   PAD
    0x0802b044   0x0000004d   Data   RO         1870    .conststring        data.o
    0x0802b091   0x00000003   PAD
    0x0802b094   0x00000020   Data   RO         2440    Region$$Table       anon$$obj.o
    0x0802b0b4   0x00000008   Data   RO         2331    c$$dinf             fz_ws.l(fpconst.o)
    0x0802b0bc   0x0000001c   Data   RO         2254    locale$$data        c_w.l(lc_numeric_c.o)
    0x0802b0d8   0x00000110   Data   RO         2269    locale$$data        c_w.l(lc_ctype_c.o)


    Execution Region RW_IRAM1 (Base: 0x20000000, Size: 0x0000e060, Max: 0x00010000, ABSOLUTE, COMPRESSED[0x00000c28])

    Base Addr    Size         Type   Attr      Idx    E Section Name        Object

    0x20000000   0x00000014   Data   RW          267    .data               stm32f10x_rcc.o
    0x20000014   0x00000004   Data   RW          368    .data               delay.o
    0x20000018   0x0000001c   Data   RW          401    .data               usmart.o
    0x20000034   0x00000144   Data   RW          450    .data               usmart_config.o
    0x20000178   0x00000008   Data   RW          590    .data               24cxx.o
    0x20000180   0x00000004   Data   RW          621    .data               sup_fun.o
    0x20000184   0x00000001   Data   RW          656    .data               ad7176.o
    0x20000185   0x00000003   Data   RW          697    .data               lcd3033.o
    0x20000188   0x00000030   Data   RW          722    .data               ad5933.o
    0x200001b8   0x00000008   Data   RW          744    .data               fre.o
    0x200001c0   0x0000000c   Data   RW          794    .data               usart.o
    0x200001cc   0x00000001   Data   RW          871    .data               uart5.o
    0x200001cd   0x00000003   PAD
    0x200001d0   0x00000014   Data   RW          962    .data               system_stm32f10x.o
    0x200001e4   0x00000c03   Data   RW          980    .data               other.o
    0x20000de7   0x00000001   PAD
    0x20000de8   0x000000c8   Data   RW         1020    .data               menu.o
    0x20000eb0   0x000000c8   Data   RW         1055    .data               barcode.o
    0x20000f78   0x00000050   Data   RW         1078    .data               debug.o
    0x20000fc8   0x00000040   Data   RW         1119    .data               list_test.o
    0x20001008   0x00000050   Data   RW         1212    .data               eth_config.o
    0x20001058   0x00001298   Data   RW         1271    .data               reg_config.o
    0x200022f0   0x00000020   Data   RW         1304    .data               sample_notice.o
    0x20002310   0x00000060   Data   RW         1324    .data               dot.o
    0x20002370   0x00000010   Data   RW         1344    .data               motor.o
    0x20002380   0x00000028   Data   RW         1364    .data               usb_move.o
    0x200023a8   0x00000008   Data   RW         1384    .data               modbus.o
    0x200023b0   0x000000b4   Data   RW         1423    .data               x_axis.o
    0x20002464   0x00000004   PAD
    0x20002468   0x00000070   Data   RW         1460    .data               y_axis.o
    0x200024d8   0x00000604   Data   RW         1476    .data               os.o
    0x20002adc   0x00000004   PAD
    0x20002ae0   0x00000010   Data   RW         1590    .data               uf.o
    0x20002af0   0x00000002   Data   RW         1695    .data               led.o
    0x20002af2   0x00000001   Data   RW         1762    .data               subus.o
    0x20002af3   0x00000008   Data   RW         1780    .data               rf.o
    0x20002afb   0x00000001   PAD
    0x20002afc   0x000001c8   Data   RW         1828    .data               wtb.o
    0x20002cc4   0x0000000c   Data   RW         1854    .data               zdt.o
    0x20002cd0   0x00000040   Zero   RW          696    .bss                lcd3033.o
    0x20002d10   0x00000280   Zero   RW          792    .bss                usart.o
    0x20002f90   0x000003e8   Zero   RW         1118    .bss                list_test.o
    0x20003378   0x00001788   Zero   RW         1183    .bss                test_config.o
    0x20004b00   0x00000020   Zero   RW         1211    .bss                eth_config.o
    0x20004b20   0x0000002c   Zero   RW         1231    .bss                base_config.o
    0x20004b4c   0x00000004   PAD
    0x20004b50   0x00000060   Zero   RW         1342    .bss                motor.o
    0x20004bb0   0x00007b48   Zero   RW         1532    .bss                open.o
    0x2000c6f8   0x00000d04   Zero   RW         1551    .bss                short.o
    0x2000d3fc   0x00000060   Zero   RW         2185    .bss                c_w.l(libspace.o)
    0x2000d45c   0x00000004   PAD
    0x2000d460   0x00000400   Zero   RW          516    HEAP                startup_stm32f10x_hd.o
    0x2000d860   0x00000800   Zero   RW          515    STACK               startup_stm32f10x_hd.o


==============================================================================

Image component sizes


      Code (inc. data)   RO Data    RW Data    ZI Data      Debug   Object Name

       508         12          0          8          0       4569   24cxx.o
      2572        222          0         48          0       7683   ad5933.o
      1352         98          0          1          0      19696   ad7176.o
      1304         94          0          0          0       3934   analog_switch.o
      2908        656        349        200          0       6495   barcode.o
      1960        746        292          0         44       4418   base_config.o
       564         72         80          0          0       1404   block_check.o
       348         48          0          0          0       1352   cmd.o
         0          0          0          0          0         32   core_cm3.o
        60         10        512          0          0       1201   crc.o
       808         74          0          0          0       1834   dac.o
      5780        728         77          0          0       5641   data.o
      2104        644        143         80          0       2624   debug.o
       212         18          0          4          0       1031   delay.o
      3600        244         48          0          0       5375   diode.o
      1544        374        245         96          0       3073   dot.o
      3636        768          0         80         32       9114   eth_config.o
       780         60          0          8          0       2979   fre.o
       984         32          0          0          0       3215   global.o
      2040        156         24          0          0       3689   hall.o
       512         20          0          0          0       1221   hold_data.o
      1460        246          0          0          0       2639   id.o
      2092        176         24          0          0       3475   kohm.o
      1106         44          0          3         64       4928   lcd3033.o
      1676        120         24          0          0       3095   ldo.o
      1604        116         24          0          0       3268   leakage_i.o
      2624        178        800          2          0       4780   led.o
       520         56          0         64       1000       2475   list_test.o
      1256        176          0          0          0       3563   main.o
      1628        282        207        200          0       5445   menu.o
       220         22          0          0          0     234297   misc.o
      4056        162         16          8          0      11646   modbus.o
      4124        482         34         16         96       7801   motor.o
      1720        202          0          0          0       2521   mr.o
       608         32          0          0          0       1743   myiic.o
      1300         24          0          0          0       5050   net_iic.o
      4296        410       3096          0      31560       6257   open.o
      2028        324        847       1540          0       4196   os.o
      1112        184          0          0          0       2904   os_study.o
      2040        128          0       3075          0       4889   other.o
      2032        192          0          0          0       3494   pf.o
      3044        334       1389       4760          0       9695   reg_config.o
      2024        366          0          8          0       3884   rf.o
      1228        130          0          0          0       2050   rf_id.o
      1596        312         81         32          0       3381   sample_notice.o
      3752        402       2580          0       3332       6345   short.o
        64         26        304          0       3072        804   startup_stm32f10x_hd.o
       396          6          0          0          0       8370   stm32f10x_dac.o
       596          8          0          0          0      14190   stm32f10x_dma.o
       284         10          0          0          0       4431   stm32f10x_exti.o
       860         38          0          0          0       5661   stm32f10x_gpio.o
        26          0          0          0          0       1206   stm32f10x_it.o
       932         36          0         20          0       8840   stm32f10x_rcc.o
      3610         88          0          0          0      42504   stm32f10x_tim.o
      1032         22          0          0          0       8388   stm32f10x_usart.o
       844         22          0          1          0       4925   subus.o
      2920        450        169          4          0       6172   sup_fun.o
      3516        230         14          0          0       4779   switch.o
       480         38          0         20          0       1815   system_stm32f10x.o
      1048         14      26040          0       6024       4125   test_config.o
       428         20          0          0          0       1062   uart4.o
       324         26          0          1          0       1120   uart5.o
      3412        434          0         16          0       4981   uf.o
      1452        128         16         12        640       6899   usart.o
       436         24          0          0          0       1059   usart1.o
       472         30          0          0          0       1087   usart2.o
       488         26          0          0          0       1079   usart3.o
       944        136         97         40          0       2927   usb_move.o
      2780        862         40         28          0       4863   usmart.o
        72         34        379        324          0       2323   usmart_config.o
      1320         12          0          0          0       5089   usmart_str.o
      1776        514        205        456          0       5855   wtb.o
      2652        416        231        180          0       6025   x_axis.o
      2320        368         87        112          0       3718   y_axis.o
       908        312         22         12          0       2728   zdt.o

    ----------------------------------------------------------------------
    119120      14506      38574      11472      45868     601426   Object Totals
         0          0         32          0          0          0   (incl. Generated)
         6          0         46         13          4          0   (incl. Padding)

    ----------------------------------------------------------------------

      Code (inc. data)   RO Data    RW Data    ZI Data      Debug   Library Member Name

        24          4          0          0          0         84   __2printf.o
        44          6          0          0          0         84   __2sprintf.o
        90          0          0          0          0          0   __dczerorl2.o
         8          0          0          0          0         68   __main.o
       392          4         17          0          0         92   __printf_flags_ss_wp.o
        14          0          0          0          0         68   __printf_wp.o
         0          0          0          0          0          0   __rtentry.o
        12          0          0          0          0          0   __rtentry2.o
         6          0          0          0          0          0   __rtentry4.o
        52          8          0          0          0          0   __scatter.o
        28          0          0          0          0          0   __scatter_zi.o
        28          0          0          0          0         68   _chval.o
         6          0          0          0          0          0   _printf_a.o
         6          0          0          0          0          0   _printf_c.o
        44          0          0          0          0        108   _printf_char.o
        48          6          0          0          0         96   _printf_char_common.o
        36          4          0          0          0         80   _printf_char_file.o
        40          0          0          0          0         68   _printf_charcount.o
         6          0          0          0          0          0   _printf_d.o
       120         16          0          0          0         92   _printf_dec.o
         6          0          0          0          0          0   _printf_e.o
         6          0          0          0          0          0   _printf_f.o
      1050          0          0          0          0        216   _printf_fp_dec.o
       128         16          0          0          0         84   _printf_fp_infnan.o
         6          0          0          0          0          0   _printf_g.o
       148          4         40          0          0        160   _printf_hex_int_ll_ptr.o
         6          0          0          0          0          0   _printf_i.o
       178          0          0          0          0         88   _printf_intcommon.o
        10          0          0          0          0          0   _printf_l.o
         6          0          0          0          0          0   _printf_lc.o
        10          0          0          0          0          0   _printf_ll.o
         6          0          0          0          0          0   _printf_lld.o
         6          0          0          0          0          0   _printf_lli.o
         6          0          0          0          0          0   _printf_llo.o
         6          0          0          0          0          0   _printf_llu.o
         6          0          0          0          0          0   _printf_llx.o
       124         16          0          0          0         92   _printf_longlong_dec.o
         6          0          0          0          0          0   _printf_ls.o
         6          0          0          0          0          0   _printf_n.o
         6          0          0          0          0          0   _printf_o.o
       112          8          0          0          0        124   _printf_oct_int_ll.o
         6          0          0          0          0          0   _printf_p.o
        78          0          0          0          0        108   _printf_pad.o
         0          0          0          0          0          0   _printf_percent.o
         4          0          0          0          0          0   _printf_percent_end.o
         6          0          0          0          0          0   _printf_s.o
        82          0          0          0          0         80   _printf_str.o
        36          0          0          0          0         84   _printf_truncate.o
         6          0          0          0          0          0   _printf_u.o
        44          0          0          0          0        108   _printf_wchar.o
       188          6          8          0          0         92   _printf_wctomb.o
         6          0          0          0          0          0   _printf_x.o
        22          0          0          0          0        100   _rserrno.o
        64          0          0          0          0         84   _sgetc.o
        10          0          0          0          0         68   _sputc.o
       158          0          0          0          0         92   _strtoul.o
        64          0          0          0          0         92   _wcrtomb.o
        16          0          0          0          0         68   aeabi_memset.o
        26          0          0          0          0         80   atoi.o
       220          4        148          0          0         96   bigflt0.o
      2074        132          0          0          0        940   btod.o
        36          4          0          0          0         76   c89vsprintf.o
        12          0          0          0          0         72   exit.o
         8          0          0          0          0         68   ferror.o
         6          0          0          0          0        152   heapauxi.o
        18          0          0          0          0         76   isspace.o
        44         10        272          0          0         76   lc_ctype_c.o
        44         10         28          0          0         76   lc_numeric_c.o
         2          0          0          0          0          0   libinit.o
        30          0          0          0          0          0   libinit2.o
         2          0          0          0          0          0   libshutdown.o
         2          0          0          0          0          0   libshutdown2.o
         8          4          0          0         96         68   libspace.o
        38          0          0          0          0         68   llshl.o
       138          0          0          0          0         80   lludiv10.o
        88          0          0          0          0         76   memcmp.o
        16          4          0          0          0         76   rt_ctype_table.o
         8          4          0          0          0         68   rt_errno_addr_intlibspace.o
         8          4          0          0          0         68   rt_locale_intlibspace.o
        68          0          0          0          0         68   rt_memclr.o
        78          0          0          0          0         80   rt_memclr_w.o
       100          0          0          0          0         80   rt_memcpy_w.o
         2          0          0          0          0          0   rtexit.o
        10          0          0          0          0          0   rtexit2.o
      1188         12          0          0          0        148   scanf_fp.o
       792         14          0          0          0        100   scanf_hexfp.o
       308         16          0          0          0        100   scanf_infnan.o
        24          0          0          0          0         68   strcat.o
        20          0          0          0          0         68   strchr.o
       128          0          0          0          0         68   strcmpv7m.o
        72          0          0          0          0         80   strcpy.o
        62          0          0          0          0         76   strlen.o
        86          0          0          0          0         76   strncpy.o
        36          0          0          0          0         80   strstr.o
       160         12          0          0          0        120   strtod.o
       112          0          0          0          0         88   strtol.o
        74          0          0          0          0         80   sys_stackheap_outer.o
         2          0          0          0          0         68   use_no_semi.o
         2          0          0          0          0         68   use_no_semi_2.o
        98          4          0          0          0         92   d2f.o
       826         16          0          0          0        348   daddsub_clz.o
        16          4          0          0          0         68   dcheck1.o
        24          0          0          0          0         68   dcmpi.o
       688        140          0          0          0        208   ddiv.o
       120          4          0          0          0         92   deqf.o
        94          4          0          0          0         92   dfix.o
        90          4          0          0          0         92   dfixu.o
        84          0          0          0          0        136   dflt_clz.o
       120          4          0          0          0         92   dleqf.o
       340         12          0          0          0        104   dmul.o
       156          4          0          0          0         92   dnaninf.o
        12          0          0          0          0         68   dretinf.o
       108          0          0          0          0         80   drleqf.o
       460         56          0          0          0        120   dsqrt_noumaal.o
        86          4          0          0          0         84   f2d.o
       430          8          0          0          0        168   faddsub_clz.o
        24          0          0          0          0         68   fcmpi.o
       388         76          0          0          0         96   fdiv.o
        62          4          0          0          0         84   ffixu.o
        86          0          0          0          0        136   fflt_clz.o
       104          4          0          0          0         84   fleqf.o
       258          4          0          0          0         84   fmul.o
       140          4          0          0          0         84   fnaninf.o
         0          0          8          0          0          0   fpconst.o
        10          0          0          0          0         68   fretinf.o
        98          0          0          0          0         68   frleqf.o
         4          0          0          0          0         68   printf1.o
       100          0          0          0          0         68   retnan.o
        92          0          0          0          0         68   scalbn.o
         4          0          0          0          0         68   scanf1.o
         8          0          0          0          0         84   scanf2.o
        48          0          0          0          0         68   trapv.o
         0          0          0          0          0          0   usenofp.o
        42          0          0          0          0         84   atof.o
        62         10          0          0          0        340   dunder.o
        40          0          0          0          0         68   fpclassify.o
        88          8          0          0          0         76   frexp.o
       138          0          0          0          0        160   ldexp.o
       152          4          0          0          0        168   narrow.o
       170          0          0          0          0         96   poly.o
      2488        190        136          0          0        300   pow.o
         0          0          8          0          0          0   qnan.o
        76          0          0          0          0         84   sqrt.o

    ----------------------------------------------------------------------
     18256        898        666          0        100      10956   Library Totals
        38          2          1          0          4          0   (incl. Padding)

    ----------------------------------------------------------------------

      Code (inc. data)   RO Data    RW Data    ZI Data      Debug   Library Name

      9784        328        513          0         96       6380   c_w.l
      5178        356          8          0          0       3200   fz_ws.l
      3256        212        144          0          0       1376   m_ws.l

    ----------------------------------------------------------------------
     18256        898        666          0        100      10956   Library Totals

    ----------------------------------------------------------------------

==============================================================================


      Code (inc. data)   RO Data    RW Data    ZI Data      Debug   

    137376      15404      39240      11472      45968     600574   Grand Totals
    137376      15404      39240       3112      45968     600574   ELF Image Totals (compressed)
    137376      15404      39240       3112          0          0   ROM Totals

==============================================================================

    Total RO  Size (Code + RO Data)               176616 ( 172.48kB)
    Total RW  Size (RW Data + ZI Data)             57440 (  56.09kB)
    Total ROM Size (Code + RO Data + RW Data)     179728 ( 175.52kB)

==============================================================================

