HN0RNALTF                          星期四, 二月 25, 2021 05:56 下午                                    Page  1

 #    QTY  REFDES                                   PACKAGE             VALUE         CODE             
-------------------------------------------------------------------------------------------------------
 1    1    J1101                                    SED40-14F-D                       14241600         
 2    1    J1103                                    2SED40-14M-D                      14241601         
 3    5    T1101,T1102,T1103,T1104,T1105            HD-SL4-0101F        0             10100702         
 4    22   R1101,R1110,R1111,R1112,R1113,R1114,     HSC0402-HDTA        0             07090800         
           R1115,R1116,R1117,R1118,R1119,R1120,                                                        
           R1121,R1122,R1125,R1126,R1127,R1128,                                                        
           R1129,R1130,R1131,R1132                                                                     
