<html>
<body>
<pre>
<h1>礦ision Build Log</h1>
<h2>Tool Versions:</h2>
IDE-Version: μVision V5.13.0.0
Copyright (C) 2014 ARM Ltd and ARM Germany GmbH. All rights reserved.
License Information: wzh Microsoft, Microsoft, LIC=GE7DL-0YC7J-KUX4L-0NAH1-IQF6Z-RU0WL
 
Tool Versions:
Toolchain:       MDK-ARM Professional  Version: 5.13.0.0
Toolchain Path:  D:\Keil_v5\ARM\ARMCC\Bin
C Compiler:      Armcc.exe V5.05 update 1 (build 106)
Assembler:       Armasm.exe V5.05 update 1 (build 106)
Linker/Locator:  ArmLink.exe V5.05 update 1 (build 106)
Library Manager: ArmAr.exe V5.05 update 1 (build 106)
Hex Converter:   FromElf.exe V5.05 update 1 (build 106)
CPU DLL:         SARMCM3.DLL V5.13.0.0
Dialog DLL:      DARMSTM.DLL V1.65.0.0
Target DLL:      Segger\JL2CM3.dll V2.99.11.0
Dialog DLL:      TARMSTM.DLL V1.64.0.0
 
<h2>Project:</h2>
D:\陈亮庚\项目\2021\2021-3-17 F0NW0322\程序\F0NW0322 V1\project\F0NW0322.uvprojx
Project File Date:  03/16/2021

<h2>Output:</h2>
Rebuild target 'F0NW0322'
compiling misc.c...
compiling stm32f10x_adc.c...
compiling stm32f10x_bkp.c...
compiling stm32f10x_can.c...
compiling stm32f10x_cec.c...
compiling stm32f10x_crc.c...
compiling stm32f10x_dac.c...
compiling stm32f10x_dbgmcu.c...
compiling stm32f10x_dma.c...
compiling stm32f10x_exti.c...
compiling stm32f10x_flash.c...
compiling stm32f10x_fsmc.c...
compiling stm32f10x_gpio.c...
compiling stm32f10x_i2c.c...
compiling stm32f10x_iwdg.c...
compiling stm32f10x_pwr.c...
compiling stm32f10x_rcc.c...
compiling stm32f10x_rtc.c...
compiling stm32f10x_sdio.c...
compiling stm32f10x_spi.c...
compiling stm32f10x_tim.c...
compiling stm32f10x_usart.c...
compiling stm32f10x_wwdg.c...
compiling delay.c...
compiling sys.c...
compiling usmart.c...
compiling usmart_config.c...
compiling usmart_str.c...
compiling core_cm3.c...
assembling startup_stm32f10x_hd.s...
compiling ADC.c...
compiling DAC.c...
compiling global.c...
compiling Timer.c...
compiling 24cxx.c...
compiling Sup_Fun.c...
compiling ad7176.c...
compiling Analog_Switch.c...
compiling LCD3033.c...
compiling AD5933.c...
compiling Fre.c...
compiling myiic.c...
compiling NET_iic.c...
compiling usart.c...
compiling usart1.c...
compiling usart2.c...
compiling usart3.c...
compiling uart4.c...
compiling uart5.c...
compiling main.c...
compiling stm32f10x_it.c...
compiling system_stm32f10x.c...
compiling other.c...
compiling menu.c...
compiling Barcode.c...
compiling debug.c...
compiling Hold_data.c...
compiling List_test.c...
compiling Test_Config.c...
compiling ETH_Config.c...
compiling Base_Config.c...
compiling Block_Check.c...
compiling reg_config.c...
compiling Sample_Notice.c...
compiling Dot.c...
compiling motor.c...
compiling usb_move.c...
compiling modbus.c...
compiling CRC.c...
compiling X_axis.c...
compiling XY_axis.c...
compiling Y_axis.c...
compiling os.c...
compiling mR.c...
compiling KOhm.c...
compiling open.c...
compiling short.c...
compiling diode.c...
compiling uF.c...
compiling pF.c...
compiling os_study.c...
compiling Hall.c...
compiling LDO.c...
compiling Leakage_I.c...
compiling led.c...
compiling Switch.c...
compiling MIC.c...
compiling ID.c...
compiling SuBUS.c...
compiling RF.c...
compiling RF_ID.c...
compiling JDT.c...
compiling WTB.c...
compiling ZDT.c...
compiling data.c...
compiling cmd.c...
linking...
Program Size: Code=137328 RO-data=38496 RW-data=11584 ZI-data=45968  
FromELF: creating hex file...
"..\OBJ\F0NW0322_V1.axf" - 0 Error(s), 0 Warning(s).

<h2>Collection of Component include folders:</h2>
  D:\陈亮庚\项目\2021\2021-3-17 F0NW0322\程序\F0NW0322 V1\project\RTE
  D:\Keil_v5\ARM\PACK\Keil\STM32F1xx_DFP\1.0.5\Device\Include

<h2>Collection of Component Files used:</h2>
</pre>
</body>
</html>
