<html>
<body>
<pre>
<h1>礦ision Build Log</h1>
<h2>Tool Versions:</h2>
IDE-Version: μVision V5.13.0.0
Copyright (C) 2014 ARM Ltd and ARM Germany GmbH. All rights reserved.
License Information: wzh Microsoft, Microsoft, LIC=GE7DL-0YC7J-KUX4L-0NAH1-IQF6Z-RU0WL
 
Tool Versions:
Toolchain:       MDK-ARM Professional  Version: 5.13.0.0
Toolchain Path:  D:\Keil_v5\ARM\ARMCC\Bin
C Compiler:      Armcc.exe V5.05 update 1 (build 106)
Assembler:       Armasm.exe V5.05 update 1 (build 106)
Linker/Locator:  ArmLink.exe V5.05 update 1 (build 106)
Library Manager: ArmAr.exe V5.05 update 1 (build 106)
Hex Converter:   FromElf.exe V5.05 update 1 (build 106)
CPU DLL:         SARMCM3.DLL V5.13.0.0
Dialog DLL:      DARMSTM.DLL V1.65.0.0
Target DLL:      Segger\JL2CM3.dll V2.99.11.0
Dialog DLL:      TARMSTM.DLL V1.64.0.0
 
<h2>Project:</h2>
D:\陈亮庚\项目\2021\2021-3-18 F0NW0326\程序\F0NW0326 V1\project\F0NW0326.uvprojx
Project File Date:  03/18/2021

<h2>Output:</h2>
Build target 'F0NW0326'
compiling main.c...
linking...
Program Size: Code=137376 RO-data=39240 RW-data=11472 ZI-data=45968  
FromELF: creating hex file...
"..\OBJ\F0NW0326_V1.axf" - 0 Error(s), 0 Warning(s).

<h2>Collection of Component include folders:</h2>
  D:\陈亮庚\项目\2021\2021-3-18 F0NW0326\程序\F0NW0326 V1\project\RTE
  D:\Keil_v5\ARM\PACK\Keil\STM32F1xx_DFP\1.0.5\Device\Include

<h2>Collection of Component Files used:</h2>
</pre>
</body>
</html>
